Archive member included because of file (symbol)

c:/winavr-20100110/bin/../lib/gcc/avr/4.3.3/avr51\libgcc.a(_mulsi3.o)
                              ./src/MCP7940x.o (__mulsi3)
c:/winavr-20100110/bin/../lib/gcc/avr/4.3.3/avr51\libgcc.a(_udivmodqi4.o)
                              ./src/MCP7940x.o (__udivmodqi4)
c:/winavr-20100110/bin/../lib/gcc/avr/4.3.3/avr51\libgcc.a(_udivmodhi4.o)
                              ./src/CFIFO.o (__udivmodhi4)
c:/winavr-20100110/bin/../lib/gcc/avr/4.3.3/avr51\libgcc.a(_divmodhi4.o)
                              ./src/Cscreen.o (__divmodhi4)
c:/winavr-20100110/bin/../lib/gcc/avr/4.3.3/avr51\libgcc.a(_udivmodsi4.o)
                              ./src/CI2c.o (__udivmodsi4)
c:/winavr-20100110/bin/../lib/gcc/avr/4.3.3/avr51\libgcc.a(_divmodsi4.o)
                              ./src/network.o (__divmodsi4)
c:/winavr-20100110/bin/../lib/gcc/avr/4.3.3/avr51\libgcc.a(_exit.o)
                              c:/winavr-20100110/bin/../lib/gcc/avr/4.3.3/../../../../avr/lib/avr51/crtm128.o (exit)
c:/winavr-20100110/bin/../lib/gcc/avr/4.3.3/avr51\libgcc.a(_clear_bss.o)
                              ./src/CI2c.o (__do_clear_bss)
c:/winavr-20100110/bin/../lib/gcc/avr/4.3.3/avr51\libgcc.a(_ctors.o)
                              ./src/Cscreen.o (__do_global_ctors)
c:/winavr-20100110/bin/../lib/gcc/avr/4.3.3/avr51\libgcc.a(_fixunssfsi.o)
                              ./src/delay.o (__fixunssfsi)
c:/winavr-20100110/bin/../lib/gcc/avr/4.3.3/avr51\libgcc.a(_addsub_sf.o)
                              c:/winavr-20100110/bin/../lib/gcc/avr/4.3.3/avr51\libgcc.a(_fixunssfsi.o) (__subsf3)
c:/winavr-20100110/bin/../lib/gcc/avr/4.3.3/avr51\libgcc.a(_mul_sf.o)
                              ./src/delay.o (__mulsf3)
c:/winavr-20100110/bin/../lib/gcc/avr/4.3.3/avr51\libgcc.a(_div_sf.o)
                              ./src/delay.o (__divsf3)
c:/winavr-20100110/bin/../lib/gcc/avr/4.3.3/avr51\libgcc.a(_gt_sf.o)
                              ./src/delay.o (__gtsf2)
c:/winavr-20100110/bin/../lib/gcc/avr/4.3.3/avr51\libgcc.a(_ge_sf.o)
                              c:/winavr-20100110/bin/../lib/gcc/avr/4.3.3/avr51\libgcc.a(_fixunssfsi.o) (__gesf2)
c:/winavr-20100110/bin/../lib/gcc/avr/4.3.3/avr51\libgcc.a(_lt_sf.o)
                              ./src/delay.o (__ltsf2)
c:/winavr-20100110/bin/../lib/gcc/avr/4.3.3/avr51\libgcc.a(_sf_to_si.o)
                              c:/winavr-20100110/bin/../lib/gcc/avr/4.3.3/avr51\libgcc.a(_fixunssfsi.o) (__fixsfsi)
c:/winavr-20100110/bin/../lib/gcc/avr/4.3.3/avr51\libgcc.a(_thenan_sf.o)
                              c:/winavr-20100110/bin/../lib/gcc/avr/4.3.3/avr51\libgcc.a(_addsub_sf.o) (__thenan_sf)
c:/winavr-20100110/bin/../lib/gcc/avr/4.3.3/avr51\libgcc.a(_usi_to_sf.o)
                              ./src/delay.o (__floatunsisf)
c:/winavr-20100110/bin/../lib/gcc/avr/4.3.3/avr51\libgcc.a(_prologue.o)
                              c:/winavr-20100110/bin/../lib/gcc/avr/4.3.3/avr51\libgcc.a(_addsub_sf.o) (__prologue_saves__)
c:/winavr-20100110/bin/../lib/gcc/avr/4.3.3/avr51\libgcc.a(_epilogue.o)
                              c:/winavr-20100110/bin/../lib/gcc/avr/4.3.3/avr51\libgcc.a(_addsub_sf.o) (__epilogue_restores__)
c:/winavr-20100110/bin/../lib/gcc/avr/4.3.3/avr51\libgcc.a(_tablejump.o)
                              c:/winavr-20100110/bin/../lib/gcc/avr/4.3.3/avr51\libgcc.a(_ctors.o) (__tablejump__)
c:/winavr-20100110/bin/../lib/gcc/avr/4.3.3/avr51\libgcc.a(_clzsi2.o)
                              c:/winavr-20100110/bin/../lib/gcc/avr/4.3.3/avr51\libgcc.a(_usi_to_sf.o) (__clzsi2)
c:/winavr-20100110/bin/../lib/gcc/avr/4.3.3/avr51\libgcc.a(_pack_sf.o)
                              c:/winavr-20100110/bin/../lib/gcc/avr/4.3.3/avr51\libgcc.a(_addsub_sf.o) (__pack_f)
c:/winavr-20100110/bin/../lib/gcc/avr/4.3.3/avr51\libgcc.a(_unpack_sf.o)
                              c:/winavr-20100110/bin/../lib/gcc/avr/4.3.3/avr51\libgcc.a(_addsub_sf.o) (__unpack_f)
c:/winavr-20100110/bin/../lib/gcc/avr/4.3.3/avr51\libgcc.a(_fpcmp_parts_sf.o)
                              c:/winavr-20100110/bin/../lib/gcc/avr/4.3.3/avr51\libgcc.a(_gt_sf.o) (__fpcmp_parts_f)
c:/winavr-20100110/bin/../lib/gcc/avr/4.3.3/avr51\libgcc.a(_clz.o)
                              c:/winavr-20100110/bin/../lib/gcc/avr/4.3.3/avr51\libgcc.a(_clzsi2.o) (__clz_tab)
c:/winavr-20100110/bin/../lib/gcc/avr/4.3.3/../../../../avr/lib/avr51\libm.a(round.o)
                              ./src/tagtable.o (round)
c:/winavr-20100110/bin/../lib/gcc/avr/4.3.3/../../../../avr/lib/avr51\libm.a(fp_mintl.o)
                              c:/winavr-20100110/bin/../lib/gcc/avr/4.3.3/../../../../avr/lib/avr51\libm.a(round.o) (__fp_mintl)
c:/winavr-20100110/bin/../lib/gcc/avr/4.3.3/../../../../avr/lib/avr51\libm.a(fp_mpack.o)
                              c:/winavr-20100110/bin/../lib/gcc/avr/4.3.3/../../../../avr/lib/avr51\libm.a(round.o) (__fp_mpack)
c:/winavr-20100110/bin/../lib/gcc/avr/4.3.3/../../../../avr/lib/avr51\libm.a(fp_split3.o)
[...]
Memory Configuration

Name             Origin             Length             Attributes
text             0x00000000         0x00020000         xr
data             0x00800060         0x0000ffa0         rw !x
eeprom           0x00810000         0x00010000         rw !x
fuse             0x00820000         0x00000400         rw !x
lock             0x00830000         0x00000400         rw !x
signature        0x00840000         0x00000400         rw !x
*default*        0x00000000         0xffffffff

Linker script and memory map

Address of section .data set to 0x800100
LOAD c:/winavr-20100110/bin/../lib/gcc/avr/4.3.3/../../../../avr/lib/avr51/crtm128.o
                0x00802100                __heap_start = 0x802100
                0x008090ff                __heap_end = 0x8090ff
                0x0001e000                loader = 0x1e000
LOAD ./src/CDisplay.o
LOAD ./src/CFIFO.o
LOAD ./src/CI2c.o
LOAD ./src/Clcd.o
LOAD ./src/Cscreen.o
LOAD ./src/Cserial.o
LOAD ./src/Cserver.o
LOAD ./src/Csocket.o
LOAD ./src/Ctimer.o
LOAD ./src/MCP7940x.o
LOAD ./src/counter.o
LOAD ./src/delay.o
LOAD ./src/dhcp.o
LOAD ./src/httpd.o
LOAD ./src/main.o
LOAD ./src/network.o
LOAD ./src/pin.o
LOAD ./src/scheduler.o
LOAD ./src/serial.o
LOAD ./src/socket.o
LOAD ./src/tag.o
LOAD ./src/tagtable.o
LOAD ./src/timer.o
LOAD ./src/w5300.o
LOAD ./src/wiz_util.o
LOAD ./cmn/src/at45db041.o
LOAD ./cmn/src/cc1101.o
LOAD ./cmn/src/crc.o
LOAD ./cmn/src/lis3dh.o
LOAD ./cmn/src/mc24aa02e48.o
LOAD ./cmn/src/spi.o
LOAD ./cmn/src/storage.o
LOAD c:/winavr-20100110/bin/../lib/gcc/avr/4.3.3/avr51\libgcc.a
LOAD c:/winavr-20100110/bin/../lib/gcc/avr/4.3.3/../../../../avr/lib/avr51\libm.a
LOAD c:/winavr-20100110/bin/../lib/gcc/avr/4.3.3/avr51\libgcc.a
LOAD c:/winavr-20100110/bin/../lib/gcc/avr/4.3.3/../../../../avr/lib/avr51\libc.a
LOAD c:/winavr-20100110/bin/../lib/gcc/avr/4.3.3/avr51\libgcc.a

.hash
 *(.hash)

.dynsym
 *(.dynsym)

.dynstr
 *(.dynstr)

.gnu.version
 *(.gnu.version)

.gnu.version_d
 *(.gnu.version_d)

.gnu.version_r
 *(.gnu.version_r)

.rel.init
 *(.rel.init)

.rela.init
 *(.rela.init)

.rel.text
 *(.rel.text)
 *(.rel.text.*)
 *(.rel.gnu.linkonce.t*)

.rela.text
 *(.rela.text)
 *(.rela.text.*)
 *(.rela.gnu.linkonce.t*)

.rel.fini
 *(.rel.fini)

.rela.fini
 *(.rela.fini)

.rel.rodata
 *(.rel.rodata)
 *(.rel.rodata.*)
 *(.rel.gnu.linkonce.r*)

.rela.rodata
 *(.rela.rodata)
 *(.rela.rodata.*)
 *(.rela.gnu.linkonce.r*)

.rel.data
 *(.rel.data)
 *(.rel.data.*)
 *(.rel.gnu.linkonce.d*)

.rela.data
 *(.rela.data)
 *(.rela.data.*)
 *(.rela.gnu.linkonce.d*)

.rel.ctors
 *(.rel.ctors)

.rela.ctors
 *(.rela.ctors)

.rel.dtors
 *(.rel.dtors)

.rela.dtors
 *(.rela.dtors)

.rel.got
 *(.rel.got)

.rela.got
 *(.rela.got)

.rel.bss
 *(.rel.bss)

.rela.bss
 *(.rela.bss)

.rel.plt
 *(.rel.plt)

.rela.plt
 *(.rela.plt)

.text           0x00000000     0xc278
 *(.vectors)
 .vectors       0x00000000       0x8c c:/winavr-20100110/bin/../lib/gcc/avr/4.3.3/../../../../avr/lib/avr51/crtm128.o
                0x00000000                __vectors
                0x00000000                __vector_default
 *(.vectors)
 *(.progmem.gcc*)
 *(.progmem*)
                0x0000008c                . = ALIGN (0x2)
                0x0000008c                __trampolines_start = .
 *(.trampolines)
 .trampolines   0x0000008c        0x0 linker stubs
 *(.trampolines*)
                0x0000008c                __trampolines_end = .
 *(.jumptables)
 *(.jumptables*)
 *(.lowtext)
 *(.lowtext*)
                0x0000008c                __ctors_start = .
 *(.ctors)
 .ctors         0x0000008c        0x2 ./src/Cscreen.o
 .ctors         0x0000008e        0x2 ./src/main.o
 .ctors         0x00000090        0x2 ./src/scheduler.o
 .ctors         0x00000092        0x2 ./src/tagtable.o
                0x00000094                __ctors_end = .
                0x00000094                __dtors_start = .
 *(.dtors)
                0x00000094                __dtors_end = .
 SORT(*)(.ctors)
 SORT(*)(.dtors)
 *(.init0)
 .init0         0x00000094        0x0 c:/winavr-20100110/bin/../lib/gcc/avr/4.3.3/../../../../avr/lib/avr51/crtm128.o
                0x00000094                __init
 *(.init0)
 *(.init1)
 *(.init1)
 *(.init2)
 .init2         0x00000094        0xc c:/winavr-20100110/bin/../lib/gcc/avr/4.3.3/../../../../avr/lib/avr51/crtm128.o
 *(.init2)
 *(.init3)
 *(.init3)
 *(.init4)
 .init4         0x000000a0       0x1a c:/winavr-20100110/bin/../lib/gcc/avr/4.3.3/../../../../avr/lib/avr51/crtm128.o
                0x000000a0                __do_copy_data
 .init4         0x000000ba       0x10 c:/winavr-20100110/bin/../lib/gcc/avr/4.3.3/avr51\libgcc.a(_clear_bss.o)
                0x000000ba                __do_clear_bss
 *(.init4)
 *(.init5)
 *(.init5)
 *(.init6)
 .init6         0x000000ca       0x16 c:/winavr-20100110/bin/../lib/gcc/avr/4.3.3/avr51\libgcc.a(_ctors.o)
                0x000000ca                __do_global_ctors
 *(.init6)
 *(.init7)
 *(.init7)
 *(.init8)
 *(.init8)
 *(.init9)
 .init9         0x000000e0        0x8 c:/winavr-20100110/bin/../lib/gcc/avr/4.3.3/../../../../avr/lib/avr51/crtm128.o
 *(.init9)
 *(.text)
 .text          0x000000e8        0x4 c:/winavr-20100110/bin/../lib/gcc/avr/4.3.3/../../../../avr/lib/avr51/crtm128.o
                0x000000e8                __vector_22
                0x000000e8                __vector_28
                0x000000e8                __vector_1
                0x000000e8                __vector_32
                0x000000e8                __vector_34
                0x000000e8                __vector_24
                0x000000e8                __bad_interrupt
                0x000000e8                __vector_6
                0x000000e8                __vector_31
                0x000000e8                __vector_3
                0x000000e8                __vector_23
                0x000000e8                __vector_25
                0x000000e8                __vector_11
                0x000000e8                __vector_13
                0x000000e8                __vector_17
                0x000000e8                __vector_19
                0x000000e8                __vector_7
                0x000000e8                __vector_27
                0x000000e8                __vector_5
                0x000000e8                __vector_4
                0x000000e8                __vector_9
                0x000000e8                __vector_2
                0x000000e8                __vector_21
                0x000000e8                __vector_15
                0x000000e8                __vector_29
                0x000000e8                __vector_26
                0x000000e8                __vector_20
 .text          0x000000ec       0xf4 ./src/CDisplay.o
                0x000000f0                CDisplay::setString(unsigned char, unsigned char, unsigned char, char const*)
                0x000001a8                CDisplay::CDisplay(Clcd*)
                0x0000018c                CDisplay::performSet()
                0x000001c4                CDisplay::CDisplay(Clcd*)
                0x0000019a                CDisplay::clear()
                0x000000ec                CDisplay::available()
                0x0000012e                CDisplay::setLine(unsigned char, char const*)
 .text          0x000001e0      0x2de ./src/CFIFO.o
                0x0000024e                CFIFO::used()
                0x0000020c                CFIFO::space()
                0x000001f6                CFIFO::CFIFO()
                0x000001e0                CFIFO::CFIFO()
                0x00000284                CFIFO::add(unsigned char*, unsigned short)
                0x0000033a                CFIFO::empty()
                0x0000048c                CFIFO::setBufSize(unsigned short)
                0x0000040c                CFIFO::remove(unsigned char*)
                0x0000036c                CFIFO::remove(unsigned char*, unsigned short)
                0x00000360                CFIFO::clear()
 .text          0x000004be      0x436 ./src/CI2c.o
                0x000005ba                I2C::CI2C::sendStart()
                0x00000614                I2C::CI2C::getStatus()
                0x000005e0                I2C::CI2C::sendByte(unsigned char)
                0x000004be                I2C::CI2C::setBitrate(unsigned short)
                0x000005c8                I2C::CI2C::sendStop()
                0x000005d6                I2C::CI2C::waitForComplete()
                0x00000662                I2C::CI2C::masterReceive(unsigned char, unsigned char, unsigned char*)
                0x0000060e                I2C::CI2C::getReceivedByte()
                0x000004fa                I2C::CI2C::CI2C()
                0x00000896                __vector_33
                0x0000061a                I2C::CI2C::masterSend(unsigned char, unsigned char, unsigned char*)
                0x000006aa                I2C::CI2C::service()
                0x000005f2                I2C::CI2C::receiveByte(unsigned char)
                0x0000054a                I2C::CI2C::CI2C()
                0x000008ee                I2C::CI2C::getState()
                0x0000059a                I2C::CI2C::setLocalDeviceAddr(unsigned char, unsigned char)
                0x000005b2                I2C::CI2C::setSlaveTransmitHandler(unsigned char (*)(unsigned char, unsigned char*))
                0x000005aa                I2C::CI2C::setSlaveReceiveHandler(void (*)(unsigned char, unsigned char*))
 .text          0x000008f4      0x35e ./src/Clcd.o
                0x00000b26                Clcd::puts(unsigned char*, unsigned char)
                0x000008f6                Clcd::Clcd()
                0x00000b92                Clcd::printf(unsigned char, unsigned char, unsigned char, char const*, ...)
                0x000008f4                Clcd::Clcd()
                0x00000a46                Clcd::gotoXY(unsigned char, unsigned char)
                0x000009f6                Clcd::clear()
                0x00000956                Clcd::ready()
                0x000009be                Clcd::command(unsigned char)
                0x00000b74                Clcd::putch(unsigned char)
                0x000008f8                Clcd::delay(unsigned long)
                0x00000a8a                Clcd::init()
                0x00000a0e                Clcd::data(unsigned char)
 .text          0x00000c52      0x262 ./src/Cscreen.o
                0x00000e6e                Cscreen::build()
                0x00000ce4                Cscreen::ip2str(unsigned char*, XREADER::sIP*)
                0x00000d54                Cscreen::display()
                0x00000c60                Cscreen::mac2str(unsigned char*, XREADER::sMacADR*)
 .text          0x00000eb4      0x36e ./src/Cserial.o
                0x00001116                Cserial::sendStr(char*)
                0x0000113e                Cserial::uprintf(char const*, ...)
                0x000011c8                Cserial::setBufSize(unsigned short)
                0x0000108c                Tfifo<unsigned char>::remove(unsigned char*, unsigned short)
                0x00000f48                Cserial::sendStr_P(char const*)
                0x00000f1e                Cserial::clearRx()
                0x0000110e                Cserial::receive(unsigned char*, unsigned short)
                0x00000fb8                Cserial::send_P(char const*, unsigned short)
                0x00000eb4                Cserial::Cserial()
                0x00000f2e                Cserial::space()
                0x00000f1c                Cserial::service()
                0x00000fac                Cserial::setBaudRate(unsigned long)
                0x00000ee8                Cserial::Cserial()
                0x00001102                Cserial::receive(unsigned char*)
                0x00000f40                Cserial::rxnum()
 .text          0x00001222      0x5ca ./src/Cserver.o
                0x000013b8                Cserver::getReaderID(unsigned long*)
                0x000014aa                Cserver::getNetConfig(XREADER::sNetConfig*)
                0x00001222                Cserver::Cserver(Cnetwork::CNetwork*, Cstorage*)
                0x0000154e                Cserver::getDate(_sRtcTime*)
                0x000015a0                Cserver::getSwBlock(XREADER::sSwBlock*)
                0x00001406                Cserver::getMacADR(XREADER::sMacADR*)
                0x000016f8                Cserver::setEvent(XREADER::sEvent02)
                0x00001772                Cserver::setStatus(XREADER::sStatus)
                0x0000123e                Cserver::service()
                0x000014fc                Cserver::getConfig(XREADER::sConfig*)
                0x00001230                Cserver::Cserver(Cnetwork::CNetwork*, Cstorage*)
                0x00001458                Cserver::getServerConfig(XREADER::sServerConfig*)
                0x00001312                Cserver::sendCommand(XREADER::eOpcodes)
                0x0000127e                Cserver::sendCommand(XREADER::sCmd)
 .text          0x000017ec      0x43c ./src/Csocket.o
                0x00001b68                Csocket::Csocket(unsigned long, unsigned short, XREADER::sIP, unsigned short)
                0x000018a2                Csocket::service()
                0x00001aa8                Csocket::Csocket(unsigned long, unsigned short, XREADER::sIP, unsigned short)
                0x00001884                Csocket::send(unsigned char*, unsigned short)
                0x000017ec                Csocket::start()
                0x000017f4                Csocket::enableAutoclose()
                0x00001804                Tfifo<unsigned char>::add(unsigned char*, unsigned short)
                0x00001a70                Tfifo<unsigned char>::setBufSize(unsigned short)
 .text          0x00001c28      0x3b8 ./src/Ctimer.o
                0x00001f8a                Ctimer::Ctimer(unsigned char, unsigned char, eTimerMode)
                0x00001c90                Ctimer::enableInterrupt(eTimerIntr)
                0x00001ee6                Ctimer::start(unsigned long, void (*)())
                0x00001c5e                Ctimer::disableInterrupt(eTimerIntr)
                0x00001cca                Ctimer::service()
                0x00001d86                __vector_12
                0x00001dde                SIG_OUTPUT_COMPARE0A
                0x00001f16                Ctimer::start(unsigned long)
                0x00001cc2                Ctimer::attach(void (*)())
                0x00001d2e                SIG_OUTPUT_COMPARE2A
                0x00001c28                Ctimer::setModeCTC(unsigned char)
                0x00001f34                Ctimer::Ctimer(unsigned char, unsigned char, eTimerMode)
                0x00001e36                __vector_14
                0x00001e8e                __vector_16
 .text          0x00001fe0      0x980 ./src/MCP7940x.o
                0x000025f8                Crtc::getSeconds(unsigned long*)
                0x00002846                Crtc::getMinutesFromEpoch(unsigned long*)
                0x00001ff8                mktime(unsigned short, unsigned char, unsigned char, unsigned char, unsigned char)
                0x000022a8                Crtc::getDate(_sRtcTime*)
                0x00002432                Crtc::getDate(unsigned short*, unsigned char*, unsigned char*, unsigned char*, unsigned char*, unsigned char*)
                0x00001fe0                Crtc::Crtc(I2C::CI2C*, unsigned char)
                0x000026be                Crtc::getDate(unsigned short*, unsigned char*, unsigned char*, unsigned char*, unsigned char*)
                0x000021ca                Crtc::setDate(unsigned short, unsigned char, unsigned char, unsigned char, unsigned char)
                0x000028e6                Crtc::start()
                0x00001fec                Crtc::Crtc(I2C::CI2C*, unsigned char)
                0x000020d2                Crtc::setDate(_sRtcTime*)
 .text          0x00002960      0x138 ./src/counter.o
                0x00002a88                CCounter::stop()
                0x000029e8                CCounter::CCounter(unsigned char, unsigned char)
                0x00002a70                CCounter::start()
                0x00002960                CCounter::CCounter(unsigned char, unsigned char)
 .text          0x00002a98      0x13a ./src/delay.o
                0x00002b9a                wait_1ms
                0x00002bb6                wait_10ms
                0x00002a98                wait_1us
 .text          0x00002bd2     0x1498 ./src/dhcp.o
                0x00003fe2                getIP_DHCPS
                0x00002bfc                init_dhcpc_ch
                0x00003710                check_DHCP_state
                0x00002ccc                init_dhcp_client
 .text          0x0000406a      0x476 ./src/httpd.o
                0x000043be                unescape_http_url
                0x0000406a                get_http_uri_name
                0x000040d2                parse_http_request
                0x00004448                get_http_param_value
                0x000042b8                make_http_response_head
                0x00004194                find_http_uri_type
 .text          0x000044e0     0x1774 ./src/main.o
                0x00004fa8                Tfifo<C1101::_sRadioPacket>::remove(C1101::_sRadioPacket*, unsigned short)
                0x000054ba                getConfig()
                0x0000526e                checkSw()
                0x00004678                Cwelcomescreen::build()
                0x000056a2                findServer()
                0x00004e96                tryDHCP()
                0x000057f4                configureNetwork()
                0x000044f2                Cscreen::display(char const*, char const*, unsigned short)
                0x000044f0                __cxa_pure_virtual
                0x000059bc                checkTags()
                0x000051b8                setStatus()
                0x00005638                checkAutoconnect()
                0x00005bd0                main
                0x0000519e                checkDate()
                0x00004e26                assignStatic()
                0x00004a2c                Ctagscreen::build()
                0x00005042                debug()
                0x00004f6a                netInit()
                0x00005950                configureReader()
                0x00005148                init()
                0x000044e0                mcu_init()
                0x0000553c                autoConnect()
 .text          0x00005c54      0x61e ./src/network.o
                0x00006156                Cnetwork::CNetwork::CNetwork(Cserial*, unsigned char, unsigned char)
                0x00005da4                Cnetwork::CNetwork::tx(unsigned char, unsigned char, unsigned char*, unsigned char)
                0x00006216                Cnetwork::CNetwork::CNetwork(Cserial*, unsigned char)
                0x00005c6a                Cnetwork::CNetwork::nodeidSet(unsigned char)
                0x00005e5a                Cnetwork::CNetwork::service()
                0x000061ba                Cnetwork::CNetwork::CNetwork(Cserial*, unsigned char)
                0x000060ca                Cnetwork::CNetwork::setPayloadBufSize(unsigned char)
                0x00005c9e                Cnetwork::CNetwork::nodeidGet()
                0x000060f2                Cnetwork::CNetwork::CNetwork(Cserial*, unsigned char, unsigned char)
                0x00005c54                Cnetwork::CNetwork::reset()
                0x00005c5a                Cnetwork::CNetwork::packetAvailable()
 .text          0x00006272      0x2f6 ./src/pin.o
                0x000064a8                Cpin::isLow()
                0x00006272                Cpin::Cpin(_ePORT, unsigned char, ePinDir, bool)
                0x000064c8                Cpin::setHigh()
                0x00006512                Cpin::toggle()
                0x00006378                Cpin::Cpin(_ePORT, unsigned char, ePinDir, bool)
                0x0000648a                Cpin::isHigh()
                0x0000647e                Cpin::attach(void (*)(void*), void*)
                0x000064ec                Cpin::setLow()
 .text          0x00006568       0xde ./src/scheduler.o
                0x000065ce                Cscheduler::start()
                0x000065f2                Cscheduler::Cscheduler()
                0x00006568                Cscheduler::attach(Csignal*)
                0x00006628                Cscheduler::Cscheduler()
                0x00006598                Cscheduler::service()
 .text          0x00006646      0x7d8 ./src/serial.o
                0x00006ade                uart_gets
                0x00006d72                setBaudRate
                0x000068ba                uart_stopbit
                0x00006754                __vector_30
                0x00006ab8                uart_puts
                0x00006a4c                uart1_getchar
                0x00006c6c                uart_init
                0x00006c56                uart_flush_rx
                0x0000686a                uart_databit
                0x000069c6                uart0_getchar
                0x00006a2c                uart1_putchar
                0x00006954                uart_keyhit
                0x000068f6                uart_paritybit
                0x000069a2                uart0_putchar
                0x0000694a                uart_flowctrl
                0x00006646                __vector_18
 .text          0x00006e1e      0x7d6 ./src/socket.o
                0x0000709a                sendtoSocket
                0x00006fca                listenSocket
                0x0000726a                recvfromSocket
                0x00006f0c                socket
                0x00006e1e                disconnectSocket
                0x00007502                sendSocket
                0x00006e36                connectSocket
                0x00006ff8                igmpsendSocket
                0x000071ca                recvSocket
                0x00006ef4                closeSocket
 .text          0x000075f4        0x0 ./src/tag.o
 .text          0x000075f4      0x7da ./src/tagtable.o
                0x00007836                Ctagtable::service()
                0x0000778e                Tfifo<XREADER::sEvent02>::add(XREADER::sEvent02*, unsigned short)
                0x00007730                Tcircular<unsigned char>::read(unsigned char*, bool)
                0x000075f4                FIR::Cfir::setWeight(float, bool)
                0x00007b74                Ctagtable::add(C1101::_sRadioPacket*)
 .text          0x00007dce       0xf0 ./src/timer.o
                0x00007e70                set_timer
                0x00007e90                kill_timer
                0x00007e4c                init_timer
                0x00007dce                __vector_10
 .text          0x00007ebe      0xa00 ./src/w5300.o
                0x00008020                setRTR
                0x00007fd2                getSIPR
                0x000081a4                getSn_CR
                0x0000862e                setSn_TOSR
                0x000082a2                setSn_DHAR
                0x00007f4e                setSHAR
                0x00007ec4                IINCHIP_WRITE
                0x00007eea                getIR
                0x0000800a                getRTR
                0x0000816e                getSn_MR
                0x00008030                setRCR
                0x000080b4                getUIPR
                0x00008256                getSn_DHAR
                0x0000834a                getSn_MSSR
                0x000085c6                getSn_RX_FIFOR
                0x00008644                getSn_TTLR
                0x0000836e                setSn_MSSR
                0x00008110                setPn_BRDYR
                0x00008036                getPATR
                0x00007f9a                getSUBR
                0x000082f6                getSn_DIPR
                0x00008686                setSn_FRAGR
                0x000084e0                getSn_RX_RSR
                0x00007f26                getSHAR
                0x000081da                getSn_IMR
                0x000085ea                getSn_PROTOR
                0x000083ea                setSn_TX_WRSR
                0x00008142                setPn_BDPTHR
                0x000080d0                getUPORTR
                0x00008818                wiz_read_buf
                0x0000802a                getRCR
                0x00007fee                setSIPR
                0x00008326                setSn_DIPR
                0x000080e6                getFMTUR
                0x00008670                getSn_FRAGR
                0x00008124                getPn_BDPTHR
                0x00007f62                getGAR
                0x0000869c                sysinit
                0x00007ebe                IINCHIP_READ
                0x00008052                setPTIMER
                0x00008206                getSn_IR
                0x0000839e                setSn_KPALVTR
                0x000083be                getSn_TX_WRSR
                0x000080fc                getPn_BRDYR
                0x00008416                getSn_TX_FSR
                0x0000804c                getPTIMER
                0x00008064                getPSIDR
                0x00007f06                getIMR
                0x000088ae                iinchip_init
                0x00008158                getIDR
                0x0000805e                setPMAGICR
                0x000082de                setSn_DPORTR
                0x00007f1c                setIMR
                0x000085ae                setSn_TX_FIFOR
                0x00007ee0                setMR
                0x0000821c                setSn_IR
                0x00008386                getSn_KPALVTR
                0x00008618                getSn_TOSR
                0x00008600                setSn_PROTOR
                0x00007fb6                setSUBR
                0x00008058                getPMAGICR
                0x000081f0                setSn_IMR
                0x0000887a                getIINCHIP_TxMAX
                0x00007f00                setIR
                0x0000818e                setSn_MR
                0x00008232                getSn_SSR
                0x0000807a                getPDHAR
                0x000081ba                setSn_CR
                0x000087b6                wiz_write_buf
                0x00008894                getIINCHIP_RxMAX
                0x0000865a                setSn_TTLR
                0x00007f7e                setGAR
                0x00007eca                getMR
 .text          0x000088be      0x93a ./src/wiz_util.o
                0x00008f28                inet_addr_
                0x00008a94                swapl
                0x00008c20                GetSubMask
                0x00008e56                getSocket
                0x00008d0a                CheckDestInLocal
                0x000088be                D2C
                0x00008bf2                GetMacAddress
                0x00008a84                swaps
                0x00008de8                GetDestAddr
                0x00008cbc                GetIPAddress
                0x000088da                C2D
                0x00008b18                ntohl
                0x00008fc2                inet_ntoa_pad
                0x00008aee                htonl
                0x00008a08                strtok
                0x00008a70                replacetochar
                0x00008da6                GetDestPort
                0x00008b04                ntohs
                0x00009042                inet_ntoa
                0x00008e80                VerifyIPAddress
                0x00008af4                htons
                0x000090c2                GetNetConfig
                0x000088fe                ATOI
                0x00008944                ValidATOI
                0x00008ba8                GetDestMacAddr
                0x00008b1e                checksum
                0x000089aa                strspn
                0x00008c6e                GetGWAddress
                0x000089e0                strpbrk
 .text          0x000091f8      0x244 ./cmn/src/at45db041.o
                0x00009230                Cat45db041::write(unsigned short, unsigned char*)
                0x000093d4                Cat45db041::Cat45db041()
                0x00009302                Cat45db041::read(unsigned char*, unsigned short)
                0x000091f8                Cat45db041::status()
                0x00009408                Cat45db041::Cat45db041()
 .text          0x0000943c      0x8a4 ./cmn/src/cc1101.o
                0x00009502                CC1101::writeBurstReg(unsigned char, unsigned char*, unsigned char)
                0x00009450                CC1101::readBurstReg(unsigned char*, unsigned char, unsigned char)
                0x000094ca                CC1101::cmdStrobe(unsigned char)
                0x00009848                CC1101::reset()
                0x000094a4                CC1101::readReg(unsigned char, unsigned char)
                0x0000957e                CC1101::setChannel(unsigned char)
                0x000095c6                CC1101::setupRegs()
                0x000094e8                CC1101::powerdown()
                0x00009554                CC1101::writeReg(unsigned char, unsigned char)
                0x00009a80                CC1101::ReceivePacket()
                0x000098c8                Tfifo<C1101::_sRadioPacket>::add(C1101::_sRadioPacket*, unsigned short)
                0x000095a2                CC1101::setDevAddress(unsigned char)
                0x0000943c                CC1101::wakeUp()
                0x00009882                CC1101::setSyncWord(unsigned char*)
                0x000097a6                CC1101::sendData(unsigned char*, unsigned char)
                0x00009c88                CC1101::init()
                0x00009c16                __vector_8
                0x00009964                CC1101::SendPacket()
 .text          0x00009ce0      0x10a ./cmn/src/crc.o
                0x00009d20                crc16(unsigned char*, unsigned short, unsigned short)
                0x00009d7e                crctag(unsigned char*, unsigned short, unsigned short)
                0x00009ce0                crc8(unsigned char*, unsigned short)
 .text          0x00009dea        0x0 ./cmn/src/lis3dh.o
 .text          0x00009dea        0x0 ./cmn/src/mc24aa02e48.o
 .text          0x00009dea       0x30 ./cmn/src/spi.o
                0x00009e12                SPI0_WriteByte
                0x00009e08                SPI0_WriteReadByte
                0x00009dea                SPI0_Init
 .text          0x00009e1a      0x96e ./cmn/src/storage.o
                0x00009fea                Cstorage::setSwBlock(XREADER::sSwBlock*)
                0x0000a58a                Cstorage::Cstorage(Cat45db041*)
                0x0000a554                Cstorage::setNetConf()
                0x0000a26c                Cstorage::calcSwCRC(unsigned short*, XREADER::sSwMeta)
                0x0000a44a                Cstorage::setMacAdr(XREADER::sMacADR)
                0x0000a74e                Cstorage::eraseSw()
                0x0000a374                Cstorage::setServerConfig(XREADER::sServerConfig)
                0x0000a238                Cstorage::calcSwBlockCRC(XREADER::sSwBlock*, unsigned short*)
                0x0000a66c                Cstorage::Cstorage(Cat45db041*)
                0x00009ee6                Cstorage::eraseFlash()
                0x0000a0b0                Cstorage::setCurrentSwMeta(XREADER::sSwMeta)
                0x00009e1a                Cstorage::eraseEeprom()
                0x00009f54                Cstorage::getSwBlock(XREADER::sSwBlock*)
                0x0000a3ee                Cstorage::setNetConfig(XREADER::sNetConfig)
                0x0000a322                Cstorage::setReaderID(unsigned long)
                0x0000a174                Cstorage::setStoredSwMeta(XREADER::sSwMeta)
                0x0000a4c4                Cstorage::setConfig(XREADER::sConfig)
 .text          0x0000a788        0x0 c:/winavr-20100110/bin/../lib/gcc/avr/4.3.3/avr51\libgcc.a(_mulsi3.o)
 .text          0x0000a788        0x0 c:/winavr-20100110/bin/../lib/gcc/avr/4.3.3/avr51\libgcc.a(_udivmodqi4.o)
 .text          0x0000a788        0x0 c:/winavr-20100110/bin/../lib/gcc/avr/4.3.3/avr51\libgcc.a(_udivmodhi4.o)
 .text          0x0000a788        0x0 c:/winavr-20100110/bin/../lib/gcc/avr/4.3.3/avr51\libgcc.a(_divmodhi4.o)
 .text          0x0000a788        0x0 c:/winavr-20100110/bin/../lib/gcc/avr/4.3.3/avr51\libgcc.a(_udivmodsi4.o)
 .text          0x0000a788        0x0 c:/winavr-20100110/bin/../lib/gcc/avr/4.3.3/avr51\libgcc.a(_divmodsi4.o)
 .text          0x0000a788        0x0 c:/winavr-20100110/bin/../lib/gcc/avr/4.3.3/avr51\libgcc.a(_exit.o)
 .text          0x0000a788        0x0 c:/winavr-20100110/bin/../lib/gcc/avr/4.3.3/avr51\libgcc.a(_clear_bss.o)
 .text          0x0000a788        0x0 c:/winavr-20100110/bin/../lib/gcc/avr/4.3.3/avr51\libgcc.a(_ctors.o)
 .text          0x0000a788       0x58 c:/winavr-20100110/bin/../lib/gcc/avr/4.3.3/avr51\libgcc.a(_fixunssfsi.o)
                0x0000a788                __fixunssfsi
 .text          0x0000a7e0      0x354 c:/winavr-20100110/bin/../lib/gcc/avr/4.3.3/avr51\libgcc.a(_addsub_sf.o)
                0x0000aa78                __subsf3
                0x0000aada                __addsf3
 .text          0x0000ab34      0x1f4 c:/winavr-20100110/bin/../lib/gcc/avr/4.3.3/avr51\libgcc.a(_mul_sf.o)
                0x0000ab34                __mulsf3
 .text          0x0000ad28      0x158 c:/winavr-20100110/bin/../lib/gcc/avr/4.3.3/avr51\libgcc.a(_div_sf.o)
                0x0000ad28                __divsf3
 .text          0x0000ae80       0x60 c:/winavr-20100110/bin/../lib/gcc/avr/4.3.3/avr51\libgcc.a(_gt_sf.o)
                0x0000ae80                __gtsf2
 .text          0x0000aee0       0x60 c:/winavr-20100110/bin/../lib/gcc/avr/4.3.3/avr51\libgcc.a(_ge_sf.o)
                0x0000aee0                __gesf2
 .text          0x0000af40       0x60 c:/winavr-20100110/bin/../lib/gcc/avr/4.3.3/avr51\libgcc.a(_lt_sf.o)
                0x0000af40                __ltsf2
 .text          0x0000afa0       0xa8 c:/winavr-20100110/bin/../lib/gcc/avr/4.3.3/avr51\libgcc.a(_sf_to_si.o)
                0x0000afa0                __fixsfsi
 .text          0x0000b048        0x0 c:/winavr-20100110/bin/../lib/gcc/avr/4.3.3/avr51\libgcc.a(_thenan_sf.o)
 .text          0x0000b048       0xf2 c:/winavr-20100110/bin/../lib/gcc/avr/4.3.3/avr51\libgcc.a(_usi_to_sf.o)
                0x0000b048                __floatunsisf
 .text          0x0000b13a        0x0 c:/winavr-20100110/bin/../lib/gcc/avr/4.3.3/avr51\libgcc.a(_prologue.o)
 .text          0x0000b13a        0x0 c:/winavr-20100110/bin/../lib/gcc/avr/4.3.3/avr51\libgcc.a(_epilogue.o)
 .text          0x0000b13a        0x0 c:/winavr-20100110/bin/../lib/gcc/avr/4.3.3/avr51\libgcc.a(_tablejump.o)
 .text          0x0000b13a       0x9e c:/winavr-20100110/bin/../lib/gcc/avr/4.3.3/avr51\libgcc.a(_clzsi2.o)
                0x0000b13a                __clzsi2
 .text          0x0000b1d8      0x1aa c:/winavr-20100110/bin/../lib/gcc/avr/4.3.3/avr51\libgcc.a(_pack_sf.o)
                0x0000b1d8                __pack_f
 .text          0x0000b382       0xf0 c:/winavr-20100110/bin/../lib/gcc/avr/4.3.3/avr51\libgcc.a(_unpack_sf.o)
                0x0000b382                __unpack_f
 .text          0x0000b472       0xb2 c:/winavr-20100110/bin/../lib/gcc/avr/4.3.3/avr51\libgcc.a(_fpcmp_parts_sf.o)
                0x0000b472                __fpcmp_parts_f
 .text          0x0000b524        0x0 c:/winavr-20100110/bin/../lib/gcc/avr/4.3.3/avr51\libgcc.a(_clz.o)
 .text          0x0000b524        0x0 c:/winavr-20100110/bin/../lib/gcc/avr/4.3.3/../../../../avr/lib/avr51\libm.a(round.o)
 .text          0x0000b524        0x0 c:/winavr-20100110/bin/../lib/gcc/avr/4.3.3/../../../../avr/lib/avr51\libm.a(fp_mintl.o)
 .text          0x0000b524        0x0 c:/winavr-20100110/bin/../lib/gcc/avr/4.3.3/../../../../avr/lib/avr51\libm.a(fp_mpack.o)
 .text          0x0000b524        0x0 c:/winavr-20100110/bin/../lib/gcc/avr/4.3.3/../../../../avr/lib/avr51\libm.a(fp_split3.o)
 .text          0x0000b524        0x0 c:/winavr-20100110/bin/../lib/gcc/avr/4.3.3/../../../../avr/lib/avr51\libm.a(fp_zero.o)
 .text          0x0000b524        0x0 c:/winavr-20100110/bin/../lib/gcc/avr/4.3.3/../../../../avr/lib/avr51\libc.a(malloc.o)
 .text          0x0000b524        0x0 c:/winavr-20100110/bin/../lib/gcc/avr/4.3.3/../../../../avr/lib/avr51\libc.a(memcmp.o)
 .text          0x0000b524        0x0 c:/winavr-20100110/bin/../lib/gcc/avr/4.3.3/../../../../avr/lib/avr51\libc.a(memset.o)
 .text          0x0000b524        0x0 c:/winavr-20100110/bin/../lib/gcc/avr/4.3.3/../../../../avr/lib/avr51\libc.a(strcat.o)
 .text          0x0000b524        0x0 c:/winavr-20100110/bin/../lib/gcc/avr/4.3.3/../../../../avr/lib/avr51\libc.a(strcmp.o)
 .text          0x0000b524        0x0 c:/winavr-20100110/bin/../lib/gcc/avr/4.3.3/../../../../avr/lib/avr51\libc.a(strcpy.o)
 .text          0x0000b524        0x0 c:/winavr-20100110/bin/../lib/gcc/avr/4.3.3/../../../../avr/lib/avr51\libc.a(strstr.o)
 .text          0x0000b524        0x0 c:/winavr-20100110/bin/../lib/gcc/avr/4.3.3/../../../../avr/lib/avr51\libc.a(fdevopen.o)
 .text          0x0000b524        0x0 c:/winavr-20100110/bin/../lib/gcc/avr/4.3.3/../../../../avr/lib/avr51\libc.a(iob.o)
 .text          0x0000b524        0x0 c:/winavr-20100110/bin/../lib/gcc/avr/4.3.3/../../../../avr/lib/avr51\libc.a(printf.o)
 .text          0x0000b524        0x0 c:/winavr-20100110/bin/../lib/gcc/avr/4.3.3/../../../../avr/lib/avr51\libc.a(puts.o)
 .text          0x0000b524        0x0 c:/winavr-20100110/bin/../lib/gcc/avr/4.3.3/../../../../avr/lib/avr51\libc.a(snprintf.o)
 .text          0x0000b524        0x0 c:/winavr-20100110/bin/../lib/gcc/avr/4.3.3/../../../../avr/lib/avr51\libc.a(sprintf.o)
 .text          0x0000b524        0x0 c:/winavr-20100110/bin/../lib/gcc/avr/4.3.3/../../../../avr/lib/avr51\libc.a(vsprintf.o)
 .text          0x0000b524        0x0 c:/winavr-20100110/bin/../lib/gcc/avr/4.3.3/../../../../avr/lib/avr51\libc.a(vfprintf_std.o)
 .text          0x0000b524        0x0 c:/winavr-20100110/bin/../lib/gcc/avr/4.3.3/../../../../avr/lib/avr51\libc.a(eerd_block_atmega128.o)
 .text          0x0000b524        0x0 c:/winavr-20100110/bin/../lib/gcc/avr/4.3.3/../../../../avr/lib/avr51\libc.a(eerd_byte_atmega128.o)
 .text          0x0000b524        0x0 c:/winavr-20100110/bin/../lib/gcc/avr/4.3.3/../../../../avr/lib/avr51\libc.a(eewr_block_atmega128.o)
 .text          0x0000b524        0x0 c:/winavr-20100110/bin/../lib/gcc/avr/4.3.3/../../../../avr/lib/avr51\libc.a(eewr_byte_atmega128.o)
 .text          0x0000b524        0x0 c:/winavr-20100110/bin/../lib/gcc/avr/4.3.3/../../../../avr/lib/avr51\libc.a(calloc.o)
 .text          0x0000b524        0x0 c:/winavr-20100110/bin/../lib/gcc/avr/4.3.3/../../../../avr/lib/avr51\libc.a(strnlen_P.o)
 .text          0x0000b524        0x0 c:/winavr-20100110/bin/../lib/gcc/avr/4.3.3/../../../../avr/lib/avr51\libc.a(strnlen.o)
 .text          0x0000b524        0x0 c:/winavr-20100110/bin/../lib/gcc/avr/4.3.3/../../../../avr/lib/avr51\libc.a(fputc.o)
 .text          0x0000b524        0x0 c:/winavr-20100110/bin/../lib/gcc/avr/4.3.3/../../../../avr/lib/avr51\libc.a(ultoa_invert.o)
                0x0000b524                . = ALIGN (0x2)
 *(.text.*)
 .text.libgcc   0x0000b524       0x3e c:/winavr-20100110/bin/../lib/gcc/avr/4.3.3/avr51\libgcc.a(_mulsi3.o)
                0x0000b524                __mulsi3
 .text.libgcc   0x0000b562       0x18 c:/winavr-20100110/bin/../lib/gcc/avr/4.3.3/avr51\libgcc.a(_udivmodqi4.o)
                0x0000b562                __udivmodqi4
 .text.libgcc   0x0000b57a       0x28 c:/winavr-20100110/bin/../lib/gcc/avr/4.3.3/avr51\libgcc.a(_udivmodhi4.o)
                0x0000b57a                __udivmodhi4
 .text.libgcc   0x0000b5a2       0x26 c:/winavr-20100110/bin/../lib/gcc/avr/4.3.3/avr51\libgcc.a(_divmodhi4.o)
                0x0000b5a2                __divmodhi4
                0x0000b5a2                _div
 .text.libgcc   0x0000b5c8       0x44 c:/winavr-20100110/bin/../lib/gcc/avr/4.3.3/avr51\libgcc.a(_udivmodsi4.o)
                0x0000b5c8                __udivmodsi4
 .text.libgcc   0x0000b60c       0x36 c:/winavr-20100110/bin/../lib/gcc/avr/4.3.3/avr51\libgcc.a(_divmodsi4.o)
                0x0000b60c                __divmodsi4
 .text.libgcc   0x0000b642        0x0 c:/winavr-20100110/bin/../lib/gcc/avr/4.3.3/avr51\libgcc.a(_exit.o)
 .text.libgcc   0x0000b642        0x0 c:/winavr-20100110/bin/../lib/gcc/avr/4.3.3/avr51\libgcc.a(_clear_bss.o)
 .text.libgcc   0x0000b642        0x0 c:/winavr-20100110/bin/../lib/gcc/avr/4.3.3/avr51\libgcc.a(_ctors.o)
 .text.libgcc   0x0000b642       0x38 c:/winavr-20100110/bin/../lib/gcc/avr/4.3.3/avr51\libgcc.a(_prologue.o)
                0x0000b642                __prologue_saves__
 .text.libgcc   0x0000b67a       0x36 c:/winavr-20100110/bin/../lib/gcc/avr/4.3.3/avr51\libgcc.a(_epilogue.o)
                0x0000b67a                __epilogue_restores__
 .text.libgcc   0x0000b6b0        0xc c:/winavr-20100110/bin/../lib/gcc/avr/4.3.3/avr51\libgcc.a(_tablejump.o)
                0x0000b6b4                __tablejump__
                0x0000b6b0                __tablejump2__
 .text.avr-libc.fplib
                0x0000b6bc       0x40 c:/winavr-20100110/bin/../lib/gcc/avr/4.3.3/../../../../avr/lib/avr51\libm.a(round.o)
                0x0000b6bc                round
 .text.avr-libc.fplib
                0x0000b6fc       0x36 c:/winavr-20100110/bin/../lib/gcc/avr/4.3.3/../../../../avr/lib/avr51\libm.a(fp_mintl.o)
                0x0000b6fc                __fp_mintl
 .text.avr-libc.fplib
                0x0000b732       0x1c c:/winavr-20100110/bin/../lib/gcc/avr/4.3.3/../../../../avr/lib/avr51\libm.a(fp_mpack.o)
                0x0000b736                __fp_mpack_finite
                0x0000b732                __fp_mpack
 .text.avr-libc.fplib
                0x0000b74e       0x44 c:/winavr-20100110/bin/../lib/gcc/avr/4.3.3/../../../../avr/lib/avr51\libm.a(fp_split3.o)
                0x0000b74e                __fp_split3
                0x0000b75e                __fp_splitA
 .text.avr-libc.fplib
                0x0000b792        0xe c:/winavr-20100110/bin/../lib/gcc/avr/4.3.3/../../../../avr/lib/avr51\libm.a(fp_zero.o)
                0x0000b792                __fp_zero
                0x0000b794                __fp_szero
 .text.avr-libc
                0x0000b7a0      0x20a c:/winavr-20100110/bin/../lib/gcc/avr/4.3.3/../../../../avr/lib/avr51\libc.a(malloc.o)
                0x0000b7a0                malloc
                0x0000b8fa                free
 .text.avr-libc
                0x0000b9aa       0x1a c:/winavr-20100110/bin/../lib/gcc/avr/4.3.3/../../../../avr/lib/avr51\libc.a(memcmp.o)
                0x0000b9aa                memcmp
 .text.avr-libc
                0x0000b9c4        0xe c:/winavr-20100110/bin/../lib/gcc/avr/4.3.3/../../../../avr/lib/avr51\libc.a(memset.o)
                0x0000b9c4                memset
 .text.avr-libc
                0x0000b9d2       0x16 c:/winavr-20100110/bin/../lib/gcc/avr/4.3.3/../../../../avr/lib/avr51\libc.a(strcat.o)
                0x0000b9d2                strcat
 .text.avr-libc
                0x0000b9e8       0x12 c:/winavr-20100110/bin/../lib/gcc/avr/4.3.3/../../../../avr/lib/avr51\libc.a(strcmp.o)
                0x0000b9e8                strcmp
 .text.avr-libc
                0x0000b9fa        0xe c:/winavr-20100110/bin/../lib/gcc/avr/4.3.3/../../../../avr/lib/avr51\libc.a(strcpy.o)
                0x0000b9fa                strcpy
 .text.avr-libc
                0x0000ba08       0x34 c:/winavr-20100110/bin/../lib/gcc/avr/4.3.3/../../../../avr/lib/avr51\libc.a(strstr.o)
                0x0000ba08                strstr
 .text.avr-libc
                0x0000ba3c       0x98 c:/winavr-20100110/bin/../lib/gcc/avr/4.3.3/../../../../avr/lib/avr51\libc.a(fdevopen.o)
                0x0000ba3c                fdevopen
 .text.avr-libc
                0x0000bad4       0x24 c:/winavr-20100110/bin/../lib/gcc/avr/4.3.3/../../../../avr/lib/avr51\libc.a(printf.o)
                0x0000bad4                printf
 .text.avr-libc
                0x0000baf8       0x6a c:/winavr-20100110/bin/../lib/gcc/avr/4.3.3/../../../../avr/lib/avr51\libc.a(puts.o)
                0x0000baf8                puts
 .text.avr-libc
                0x0000bb62       0x7c c:/winavr-20100110/bin/../lib/gcc/avr/4.3.3/../../../../avr/lib/avr51\libc.a(snprintf.o)
                0x0000bb62                snprintf
 .text.avr-libc
                0x0000bbde       0x62 c:/winavr-20100110/bin/../lib/gcc/avr/4.3.3/../../../../avr/lib/avr51\libc.a(sprintf.o)
                0x0000bbde                sprintf
 .text.avr-libc
                0x0000bc40       0x52 c:/winavr-20100110/bin/../lib/gcc/avr/4.3.3/../../../../avr/lib/avr51\libc.a(vsprintf.o)
                0x0000bc40                vsprintf
 .text.avr-libc
                0x0000bc92      0x40c c:/winavr-20100110/bin/../lib/gcc/avr/4.3.3/../../../../avr/lib/avr51\libc.a(vfprintf_std.o)
                0x0000bc92                vfprintf
 .text.avr-libc
                0x0000c09e       0x20 c:/winavr-20100110/bin/../lib/gcc/avr/4.3.3/../../../../avr/lib/avr51\libc.a(eerd_block_atmega128.o)
                0x0000c0a2                __eerd_blraw_m128
                0x0000c09e                __eerd_block_m128
 .text.avr-libc
                0x0000c0be       0x10 c:/winavr-20100110/bin/../lib/gcc/avr/4.3.3/../../../../avr/lib/avr51\libc.a(eerd_byte_atmega128.o)
                0x0000c0be                __eerd_byte_m128
 .text.avr-libc
                0x0000c0ce       0x14 c:/winavr-20100110/bin/../lib/gcc/avr/4.3.3/../../../../avr/lib/avr51\libc.a(eewr_block_atmega128.o)
                0x0000c0ce                __eewr_block_m128
 .text.avr-libc
                0x0000c0e2       0x1a c:/winavr-20100110/bin/../lib/gcc/avr/4.3.3/../../../../avr/lib/avr51\libc.a(eewr_byte_atmega128.o)
                0x0000c0e4                __eewr_r18_m128
                0x0000c0e2                __eewr_byte_m128
 .text.avr-libc
                0x0000c0fc       0x38 c:/winavr-20100110/bin/../lib/gcc/avr/4.3.3/../../../../avr/lib/avr51\libc.a(calloc.o)
                0x0000c0fc                calloc
 .text.avr-libc
                0x0000c134       0x16 c:/winavr-20100110/bin/../lib/gcc/avr/4.3.3/../../../../avr/lib/avr51\libc.a(strnlen_P.o)
                0x0000c134                strnlen_P
 .text.avr-libc
                0x0000c14a       0x16 c:/winavr-20100110/bin/../lib/gcc/avr/4.3.3/../../../../avr/lib/avr51\libc.a(strnlen.o)
                0x0000c14a                strnlen
 .text.avr-libc
                0x0000c160       0x58 c:/winavr-20100110/bin/../lib/gcc/avr/4.3.3/../../../../avr/lib/avr51\libc.a(fputc.o)
                0x0000c160                fputc
 .text.avr-libc
                0x0000c1b8       0xbc c:/winavr-20100110/bin/../lib/gcc/avr/4.3.3/../../../../avr/lib/avr51\libc.a(ultoa_invert.o)
                0x0000c1b8                __ultoa_invert
                0x0000c274                . = ALIGN (0x2)
 *(.fini9)
 .fini9         0x0000c274        0x0 c:/winavr-20100110/bin/../lib/gcc/avr/4.3.3/avr51\libgcc.a(_exit.o)
                0x0000c274                exit
                0x0000c274                _exit
 *(.fini9)
 *(.fini8)
 *(.fini8)
 *(.fini7)
 *(.fini7)
 *(.fini6)
 *(.fini6)
 *(.fini5)
 *(.fini5)
 *(.fini4)
 *(.fini4)
 *(.fini3)
 *(.fini3)
 *(.fini2)
 *(.fini2)
 *(.fini1)
 *(.fini1)
 *(.fini0)
 .fini0         0x0000c274        0x4 c:/winavr-20100110/bin/../lib/gcc/avr/4.3.3/avr51\libgcc.a(_exit.o)
 *(.fini0)
                0x0000c278                _etext = .

.data           0x00800100      0x7d6 load address 0x0000c278
                0x00800100                PROVIDE (__data_start, .)
 *(.data)
 .data          0x00800100        0x0 c:/winavr-20100110/bin/../lib/gcc/avr/4.3.3/../../../../avr/lib/avr51/crtm128.o
 .data          0x00800100        0x0 ./src/CDisplay.o
 .data          0x00800100        0x0 ./src/CFIFO.o
 .data          0x00800100        0x0 ./src/CI2c.o
 .data          0x00800100        0x0 ./src/Clcd.o
 .data          0x00800100       0x4d ./src/Cscreen.o
                0x00800145                vtable for Cscreen
 .data          0x0080014d        0xc ./src/Cserial.o
                0x0080014d                vtable for Cserial
 .data          0x00800159        0x0 ./src/Cserver.o
 .data          0x00800159        0xc ./src/Csocket.o
                0x00800159                vtable for Csocket
 .data          0x00800165        0x0 ./src/Ctimer.o
 .data          0x00800165        0x0 ./src/MCP7940x.o
 .data          0x00800165        0x0 ./src/counter.o
 .data          0x00800165        0x0 ./src/delay.o
 .data          0x00800165       0x4d ./src/dhcp.o
                0x00800196                GET_DNS_IP
 .data          0x008001b2      0x240 ./src/httpd.o
 .data          0x008003f2      0x214 ./src/main.o
                0x008005ea                vtable for Ctagscreen
                0x008005e1                emu
                0x008005e2                vtable for Cwelcomescreen
 .data          0x00800606        0x0 ./src/network.o
 .data          0x00800606        0x0 ./src/pin.o
 .data          0x00800606        0x0 ./src/scheduler.o
 .data          0x00800606        0x3 ./src/serial.o
 .data          0x00800609       0x7b ./src/socket.o
 .data          0x00800684        0x0 ./src/tag.o
 .data          0x00800684        0x0 ./src/tagtable.o
 .data          0x00800684        0x0 ./src/timer.o
 .data          0x00800684        0x0 ./src/w5300.o
 .data          0x00800684      0x12e ./src/wiz_util.o
 .data          0x008007b2        0x0 ./cmn/src/at45db041.o
 .data          0x008007b2        0x8 ./cmn/src/cc1101.o
 .data          0x008007ba        0x0 ./cmn/src/crc.o
 .data          0x008007ba        0x0 ./cmn/src/lis3dh.o
 .data          0x008007ba        0x0 ./cmn/src/mc24aa02e48.o
 .data          0x008007ba        0x0 ./cmn/src/spi.o
 .data          0x008007ba        0xd ./cmn/src/storage.o
 .data          0x008007c7        0x0 c:/winavr-20100110/bin/../lib/gcc/avr/4.3.3/avr51\libgcc.a(_mulsi3.o)
 .data          0x008007c7        0x0 c:/winavr-20100110/bin/../lib/gcc/avr/4.3.3/avr51\libgcc.a(_udivmodqi4.o)
 .data          0x008007c7        0x0 c:/winavr-20100110/bin/../lib/gcc/avr/4.3.3/avr51\libgcc.a(_udivmodhi4.o)
 .data          0x008007c7        0x0 c:/winavr-20100110/bin/../lib/gcc/avr/4.3.3/avr51\libgcc.a(_divmodhi4.o)
 .data          0x008007c7        0x0 c:/winavr-20100110/bin/../lib/gcc/avr/4.3.3/avr51\libgcc.a(_udivmodsi4.o)
 .data          0x008007c7        0x0 c:/winavr-20100110/bin/../lib/gcc/avr/4.3.3/avr51\libgcc.a(_divmodsi4.o)
 .data          0x008007c7        0x0 c:/winavr-20100110/bin/../lib/gcc/avr/4.3.3/avr51\libgcc.a(_exit.o)
 .data          0x008007c7        0x0 c:/winavr-20100110/bin/../lib/gcc/avr/4.3.3/avr51\libgcc.a(_clear_bss.o)
 .data          0x008007c7        0x0 c:/winavr-20100110/bin/../lib/gcc/avr/4.3.3/avr51\libgcc.a(_ctors.o)
 .data          0x008007c7        0x0 c:/winavr-20100110/bin/../lib/gcc/avr/4.3.3/avr51\libgcc.a(_fixunssfsi.o)
 .data          0x008007c7        0x0 c:/winavr-20100110/bin/../lib/gcc/avr/4.3.3/avr51\libgcc.a(_addsub_sf.o)
 .data          0x008007c7        0x0 c:/winavr-20100110/bin/../lib/gcc/avr/4.3.3/avr51\libgcc.a(_mul_sf.o)
 .data          0x008007c7        0x0 c:/winavr-20100110/bin/../lib/gcc/avr/4.3.3/avr51\libgcc.a(_div_sf.o)
 .data          0x008007c7        0x0 c:/winavr-20100110/bin/../lib/gcc/avr/4.3.3/avr51\libgcc.a(_gt_sf.o)
 .data          0x008007c7        0x0 c:/winavr-20100110/bin/../lib/gcc/avr/4.3.3/avr51\libgcc.a(_ge_sf.o)
 .data          0x008007c7        0x0 c:/winavr-20100110/bin/../lib/gcc/avr/4.3.3/avr51\libgcc.a(_lt_sf.o)
 .data          0x008007c7        0x0 c:/winavr-20100110/bin/../lib/gcc/avr/4.3.3/avr51\libgcc.a(_sf_to_si.o)
 .data          0x008007c7        0x8 c:/winavr-20100110/bin/../lib/gcc/avr/4.3.3/avr51\libgcc.a(_thenan_sf.o)
                0x008007c7                __thenan_sf
 .data          0x008007cf        0x0 c:/winavr-20100110/bin/../lib/gcc/avr/4.3.3/avr51\libgcc.a(_usi_to_sf.o)
 .data          0x008007cf        0x0 c:/winavr-20100110/bin/../lib/gcc/avr/4.3.3/avr51\libgcc.a(_prologue.o)
 .data          0x008007cf        0x0 c:/winavr-20100110/bin/../lib/gcc/avr/4.3.3/avr51\libgcc.a(_epilogue.o)
 .data          0x008007cf        0x0 c:/winavr-20100110/bin/../lib/gcc/avr/4.3.3/avr51\libgcc.a(_tablejump.o)
 .data          0x008007cf        0x0 c:/winavr-20100110/bin/../lib/gcc/avr/4.3.3/avr51\libgcc.a(_clzsi2.o)
 .data          0x008007cf        0x0 c:/winavr-20100110/bin/../lib/gcc/avr/4.3.3/avr51\libgcc.a(_pack_sf.o)
 .data          0x008007cf        0x0 c:/winavr-20100110/bin/../lib/gcc/avr/4.3.3/avr51\libgcc.a(_unpack_sf.o)
 .data          0x008007cf        0x0 c:/winavr-20100110/bin/../lib/gcc/avr/4.3.3/avr51\libgcc.a(_fpcmp_parts_sf.o)
 .data          0x008007cf      0x100 c:/winavr-20100110/bin/../lib/gcc/avr/4.3.3/avr51\libgcc.a(_clz.o)
                0x008007cf                __clz_tab
 .data          0x008008cf        0x0 c:/winavr-20100110/bin/../lib/gcc/avr/4.3.3/../../../../avr/lib/avr51\libm.a(round.o)
 .data          0x008008cf        0x0 c:/winavr-20100110/bin/../lib/gcc/avr/4.3.3/../../../../avr/lib/avr51\libm.a(fp_mintl.o)
 .data          0x008008cf        0x0 c:/winavr-20100110/bin/../lib/gcc/avr/4.3.3/../../../../avr/lib/avr51\libm.a(fp_mpack.o)
 .data          0x008008cf        0x0 c:/winavr-20100110/bin/../lib/gcc/avr/4.3.3/../../../../avr/lib/avr51\libm.a(fp_split3.o)
 .data          0x008008cf        0x0 c:/winavr-20100110/bin/../lib/gcc/avr/4.3.3/../../../../avr/lib/avr51\libm.a(fp_zero.o)
 .data          0x008008cf        0x6 c:/winavr-20100110/bin/../lib/gcc/avr/4.3.3/../../../../avr/lib/avr51\libc.a(malloc.o)
                0x008008d1                __malloc_heap_start
                0x008008d3                __malloc_heap_end
                0x008008cf                __malloc_margin
 .data          0x008008d5        0x0 c:/winavr-20100110/bin/../lib/gcc/avr/4.3.3/../../../../avr/lib/avr51\libc.a(memcmp.o)
 .data          0x008008d5        0x0 c:/winavr-20100110/bin/../lib/gcc/avr/4.3.3/../../../../avr/lib/avr51\libc.a(memset.o)
 .data          0x008008d5        0x0 c:/winavr-20100110/bin/../lib/gcc/avr/4.3.3/../../../../avr/lib/avr51\libc.a(strcat.o)
 .data          0x008008d5        0x0 c:/winavr-20100110/bin/../lib/gcc/avr/4.3.3/../../../../avr/lib/avr51\libc.a(strcmp.o)
 .data          0x008008d5        0x0 c:/winavr-20100110/bin/../lib/gcc/avr/4.3.3/../../../../avr/lib/avr51\libc.a(strcpy.o)
 .data          0x008008d5        0x0 c:/winavr-20100110/bin/../lib/gcc/avr/4.3.3/../../../../avr/lib/avr51\libc.a(strstr.o)
 .data          0x008008d5        0x0 c:/winavr-20100110/bin/../lib/gcc/avr/4.3.3/../../../../avr/lib/avr51\libc.a(fdevopen.o)
 .data          0x008008d5        0x0 c:/winavr-20100110/bin/../lib/gcc/avr/4.3.3/../../../../avr/lib/avr51\libc.a(iob.o)
 .data          0x008008d5        0x0 c:/winavr-20100110/bin/../lib/gcc/avr/4.3.3/../../../../avr/lib/avr51\libc.a(printf.o)
 .data          0x008008d5        0x0 c:/winavr-20100110/bin/../lib/gcc/avr/4.3.3/../../../../avr/lib/avr51\libc.a(puts.o)
 .data          0x008008d5        0x0 c:/winavr-20100110/bin/../lib/gcc/avr/4.3.3/../../../../avr/lib/avr51\libc.a(snprintf.o)
 .data          0x008008d5        0x0 c:/winavr-20100110/bin/../lib/gcc/avr/4.3.3/../../../../avr/lib/avr51\libc.a(sprintf.o)
 .data          0x008008d5        0x0 c:/winavr-20100110/bin/../lib/gcc/avr/4.3.3/../../../../avr/lib/avr51\libc.a(vsprintf.o)
 .data          0x008008d5        0x0 c:/winavr-20100110/bin/../lib/gcc/avr/4.3.3/../../../../avr/lib/avr51\libc.a(vfprintf_std.o)
 .data          0x008008d5        0x0 c:/winavr-20100110/bin/../lib/gcc/avr/4.3.3/../../../../avr/lib/avr51\libc.a(eerd_block_atmega128.o)
 .data          0x008008d5        0x0 c:/winavr-20100110/bin/../lib/gcc/avr/4.3.3/../../../../avr/lib/avr51\libc.a(eerd_byte_atmega128.o)
 .data          0x008008d5        0x0 c:/winavr-20100110/bin/../lib/gcc/avr/4.3.3/../../../../avr/lib/avr51\libc.a(eewr_block_atmega128.o)
 .data          0x008008d5        0x0 c:/winavr-20100110/bin/../lib/gcc/avr/4.3.3/../../../../avr/lib/avr51\libc.a(eewr_byte_atmega128.o)
 .data          0x008008d5        0x0 c:/winavr-20100110/bin/../lib/gcc/avr/4.3.3/../../../../avr/lib/avr51\libc.a(calloc.o)
 .data          0x008008d5        0x0 c:/winavr-20100110/bin/../lib/gcc/avr/4.3.3/../../../../avr/lib/avr51\libc.a(strnlen_P.o)
 .data          0x008008d5        0x0 c:/winavr-20100110/bin/../lib/gcc/avr/4.3.3/../../../../avr/lib/avr51\libc.a(strnlen.o)
 .data          0x008008d5        0x0 c:/winavr-20100110/bin/../lib/gcc/avr/4.3.3/../../../../avr/lib/avr51\libc.a(fputc.o)
 .data          0x008008d5        0x0 c:/winavr-20100110/bin/../lib/gcc/avr/4.3.3/../../../../avr/lib/avr51\libc.a(ultoa_invert.o)
 *(.data*)
 *(.rodata)
 *(.rodata*)
 *(.gnu.linkonce.d*)
                0x008008d6                . = ALIGN (0x2)
 *fill*         0x008008d5        0x1 00
                0x008008d6                _edata = .
                0x008008d6                PROVIDE (__data_end, .)

.bss            0x008008d6      0x5b5
                0x008008d6                PROVIDE (__bss_start, .)
 *(.bss)
 .bss           0x008008d6        0x0 c:/winavr-20100110/bin/../lib/gcc/avr/4.3.3/../../../../avr/lib/avr51/crtm128.o
 .bss           0x008008d6        0x0 ./src/CDisplay.o
 .bss           0x008008d6        0x0 ./src/CFIFO.o
 .bss           0x008008d6        0x8 ./src/CI2c.o
 .bss           0x008008de        0x0 ./src/Clcd.o
 .bss           0x008008de       0x30 ./src/Cscreen.o
                0x0080090c                Cscreen::size
                0x00800901                Cscreen::date
                0x008008e0                Cscreen::screen
                0x00800905                Cscreen::signal
                0x008008de                Cscreen::displayInterface
                0x0080090a                Cscreen::idx
                0x00800900                Cscreen::displayTimer
                0x00800903                Cscreen::store
 .bss           0x0080090e        0x0 ./src/Cserial.o
 .bss           0x0080090e        0x0 ./src/Cserver.o
 .bss           0x0080090e        0x0 ./src/Csocket.o
 .bss           0x0080090e        0x6 ./src/Ctimer.o
 .bss           0x00800914        0x0 ./src/MCP7940x.o
 .bss           0x00800914        0x1 ./src/counter.o
                0x00800914                error
 .bss           0x00800915        0x0 ./src/delay.o
 .bss           0x00800915       0x2a ./src/dhcp.o
                0x00800915                GET_SIP
                0x00800919                dhcp_ip_update
                0x0080091b                dhcp_ip_conflict
 .bss           0x0080093f        0x0 ./src/httpd.o
 .bss           0x0080093f      0x20f ./src/main.o
                0x00800ac3                lcd
                0x00800992                store
                0x00800ac8                screen
                0x00800b08                ipNetwork
                0x00800ac4                display
                0x00800b22                server
                0x00800acd                tagscreen
                0x0080095f                rtcSignal
                0x00800acf                ipSocket
                0x00800b28                tagTable
                0x00800964                i2c
                0x0080098e                rtc
                0x00800991                flash
                0x0080093f                event
                0x00800aa8                cc1101
                0x00800ac6                pscreen
                0x0080095b                mcu
                0x00800aca                welcome
 .bss           0x00800b4e        0x0 ./src/network.o
 .bss           0x00800b4e        0x0 ./src/pin.o
 .bss           0x00800b4e       0x26 ./src/scheduler.o
                0x00800b4e                signals
                0x00800b5e                scheduler
 .bss           0x00800b74       0x2a ./src/serial.o
 .bss           0x00800b9e       0x10 ./src/socket.o
                0x00800b9e                cmd_cnt
 .bss           0x00800bae        0x0 ./src/tag.o
 .bss           0x00800bae      0x239 ./src/tagtable.o
                0x00800bae                tags
                0x00800de6                FIR::Cfir::setWeight(float, bool)::weightNum
 .bss           0x00800de7        0x2 ./src/timer.o
 .bss           0x00800de9        0x0 ./src/w5300.o
 .bss           0x00800de9       0x22 ./src/wiz_util.o
 .bss           0x00800e0b        0x0 ./cmn/src/at45db041.o
 .bss           0x00800e0b        0x2 ./cmn/src/cc1101.o
 .bss           0x00800e0d        0x0 ./cmn/src/crc.o
 .bss           0x00800e0d        0x0 ./cmn/src/lis3dh.o
 .bss           0x00800e0d        0x0 ./cmn/src/mc24aa02e48.o
 .bss           0x00800e0d        0x0 ./cmn/src/spi.o
 .bss           0x00800e0d        0x0 ./cmn/src/storage.o
 .bss           0x00800e0d        0x0 c:/winavr-20100110/bin/../lib/gcc/avr/4.3.3/avr51\libgcc.a(_mulsi3.o)
 .bss           0x00800e0d        0x0 c:/winavr-20100110/bin/../lib/gcc/avr/4.3.3/avr51\libgcc.a(_udivmodqi4.o)
 .bss           0x00800e0d        0x0 c:/winavr-20100110/bin/../lib/gcc/avr/4.3.3/avr51\libgcc.a(_udivmodhi4.o)
 .bss           0x00800e0d        0x0 c:/winavr-20100110/bin/../lib/gcc/avr/4.3.3/avr51\libgcc.a(_divmodhi4.o)
 .bss           0x00800e0d        0x0 c:/winavr-20100110/bin/../lib/gcc/avr/4.3.3/avr51\libgcc.a(_udivmodsi4.o)
 .bss           0x00800e0d        0x0 c:/winavr-20100110/bin/../lib/gcc/avr/4.3.3/avr51\libgcc.a(_divmodsi4.o)
 .bss           0x00800e0d        0x0 c:/winavr-20100110/bin/../lib/gcc/avr/4.3.3/avr51\libgcc.a(_exit.o)
 .bss           0x00800e0d        0x0 c:/winavr-20100110/bin/../lib/gcc/avr/4.3.3/avr51\libgcc.a(_clear_bss.o)
 .bss           0x00800e0d        0x0 c:/winavr-20100110/bin/../lib/gcc/avr/4.3.3/avr51\libgcc.a(_ctors.o)
 .bss           0x00800e0d        0x0 c:/winavr-20100110/bin/../lib/gcc/avr/4.3.3/avr51\libgcc.a(_fixunssfsi.o)
 .bss           0x00800e0d        0x0 c:/winavr-20100110/bin/../lib/gcc/avr/4.3.3/avr51\libgcc.a(_addsub_sf.o)
 .bss           0x00800e0d        0x0 c:/winavr-20100110/bin/../lib/gcc/avr/4.3.3/avr51\libgcc.a(_mul_sf.o)
 .bss           0x00800e0d        0x0 c:/winavr-20100110/bin/../lib/gcc/avr/4.3.3/avr51\libgcc.a(_div_sf.o)
 .bss           0x00800e0d        0x0 c:/winavr-20100110/bin/../lib/gcc/avr/4.3.3/avr51\libgcc.a(_gt_sf.o)
 .bss           0x00800e0d        0x0 c:/winavr-20100110/bin/../lib/gcc/avr/4.3.3/avr51\libgcc.a(_ge_sf.o)
 .bss           0x00800e0d        0x0 c:/winavr-20100110/bin/../lib/gcc/avr/4.3.3/avr51\libgcc.a(_lt_sf.o)
 .bss           0x00800e0d        0x0 c:/winavr-20100110/bin/../lib/gcc/avr/4.3.3/avr51\libgcc.a(_sf_to_si.o)
 .bss           0x00800e0d        0x0 c:/winavr-20100110/bin/../lib/gcc/avr/4.3.3/avr51\libgcc.a(_thenan_sf.o)
 .bss           0x00800e0d        0x0 c:/winavr-20100110/bin/../lib/gcc/avr/4.3.3/avr51\libgcc.a(_usi_to_sf.o)
 .bss           0x00800e0d        0x0 c:/winavr-20100110/bin/../lib/gcc/avr/4.3.3/avr51\libgcc.a(_prologue.o)
 .bss           0x00800e0d        0x0 c:/winavr-20100110/bin/../lib/gcc/avr/4.3.3/avr51\libgcc.a(_epilogue.o)
 .bss           0x00800e0d        0x0 c:/winavr-20100110/bin/../lib/gcc/avr/4.3.3/avr51\libgcc.a(_tablejump.o)
 .bss           0x00800e0d        0x0 c:/winavr-20100110/bin/../lib/gcc/avr/4.3.3/avr51\libgcc.a(_clzsi2.o)
 .bss           0x00800e0d        0x0 c:/winavr-20100110/bin/../lib/gcc/avr/4.3.3/avr51\libgcc.a(_pack_sf.o)
 .bss           0x00800e0d        0x0 c:/winavr-20100110/bin/../lib/gcc/avr/4.3.3/avr51\libgcc.a(_unpack_sf.o)
 .bss           0x00800e0d        0x0 c:/winavr-20100110/bin/../lib/gcc/avr/4.3.3/avr51\libgcc.a(_fpcmp_parts_sf.o)
 .bss           0x00800e0d        0x0 c:/winavr-20100110/bin/../lib/gcc/avr/4.3.3/avr51\libgcc.a(_clz.o)
 .bss           0x00800e0d        0x0 c:/winavr-20100110/bin/../lib/gcc/avr/4.3.3/../../../../avr/lib/avr51\libm.a(round.o)
 .bss           0x00800e0d        0x0 c:/winavr-20100110/bin/../lib/gcc/avr/4.3.3/../../../../avr/lib/avr51\libm.a(fp_mintl.o)
 .bss           0x00800e0d        0x0 c:/winavr-20100110/bin/../lib/gcc/avr/4.3.3/../../../../avr/lib/avr51\libm.a(fp_mpack.o)
 .bss           0x00800e0d        0x0 c:/winavr-20100110/bin/../lib/gcc/avr/4.3.3/../../../../avr/lib/avr51\libm.a(fp_split3.o)
 .bss           0x00800e0d        0x0 c:/winavr-20100110/bin/../lib/gcc/avr/4.3.3/../../../../avr/lib/avr51\libm.a(fp_zero.o)
 .bss           0x00800e0d        0x0 c:/winavr-20100110/bin/../lib/gcc/avr/4.3.3/../../../../avr/lib/avr51\libc.a(malloc.o)
 .bss           0x00800e0d        0x0 c:/winavr-20100110/bin/../lib/gcc/avr/4.3.3/../../../../avr/lib/avr51\libc.a(memcmp.o)
 .bss           0x00800e0d        0x0 c:/winavr-20100110/bin/../lib/gcc/avr/4.3.3/../../../../avr/lib/avr51\libc.a(memset.o)
 .bss           0x00800e0d        0x0 c:/winavr-20100110/bin/../lib/gcc/avr/4.3.3/../../../../avr/lib/avr51\libc.a(strcat.o)
 .bss           0x00800e0d        0x0 c:/winavr-20100110/bin/../lib/gcc/avr/4.3.3/../../../../avr/lib/avr51\libc.a(strcmp.o)
 .bss           0x00800e0d        0x0 c:/winavr-20100110/bin/../lib/gcc/avr/4.3.3/../../../../avr/lib/avr51\libc.a(strcpy.o)
 .bss           0x00800e0d        0x0 c:/winavr-20100110/bin/../lib/gcc/avr/4.3.3/../../../../avr/lib/avr51\libc.a(strstr.o)
 .bss           0x00800e0d        0x0 c:/winavr-20100110/bin/../lib/gcc/avr/4.3.3/../../../../avr/lib/avr51\libc.a(fdevopen.o)
 .bss           0x00800e0d        0x0 c:/winavr-20100110/bin/../lib/gcc/avr/4.3.3/../../../../avr/lib/avr51\libc.a(iob.o)
 .bss           0x00800e0d        0x0 c:/winavr-20100110/bin/../lib/gcc/avr/4.3.3/../../../../avr/lib/avr51\libc.a(printf.o)
 .bss           0x00800e0d        0x0 c:/winavr-20100110/bin/../lib/gcc/avr/4.3.3/../../../../avr/lib/avr51\libc.a(puts.o)
 .bss           0x00800e0d        0x0 c:/winavr-20100110/bin/../lib/gcc/avr/4.3.3/../../../../avr/lib/avr51\libc.a(snprintf.o)
 .bss           0x00800e0d        0x0 c:/winavr-20100110/bin/../lib/gcc/avr/4.3.3/../../../../avr/lib/avr51\libc.a(sprintf.o)
 .bss           0x00800e0d        0x0 c:/winavr-20100110/bin/../lib/gcc/avr/4.3.3/../../../../avr/lib/avr51\libc.a(vsprintf.o)
 .bss           0x00800e0d        0x0 c:/winavr-20100110/bin/../lib/gcc/avr/4.3.3/../../../../avr/lib/avr51\libc.a(vfprintf_std.o)
 .bss           0x00800e0d        0x0 c:/winavr-20100110/bin/../lib/gcc/avr/4.3.3/../../../../avr/lib/avr51\libc.a(eerd_block_atmega128.o)
 .bss           0x00800e0d        0x0 c:/winavr-20100110/bin/../lib/gcc/avr/4.3.3/../../../../avr/lib/avr51\libc.a(eerd_byte_atmega128.o)
 .bss           0x00800e0d        0x0 c:/winavr-20100110/bin/../lib/gcc/avr/4.3.3/../../../../avr/lib/avr51\libc.a(eewr_block_atmega128.o)
 .bss           0x00800e0d        0x0 c:/winavr-20100110/bin/../lib/gcc/avr/4.3.3/../../../../avr/lib/avr51\libc.a(eewr_byte_atmega128.o)
 .bss           0x00800e0d        0x0 c:/winavr-20100110/bin/../lib/gcc/avr/4.3.3/../../../../avr/lib/avr51\libc.a(calloc.o)
 .bss           0x00800e0d        0x0 c:/winavr-20100110/bin/../lib/gcc/avr/4.3.3/../../../../avr/lib/avr51\libc.a(strnlen_P.o)
 .bss           0x00800e0d        0x0 c:/winavr-20100110/bin/../lib/gcc/avr/4.3.3/../../../../avr/lib/avr51\libc.a(strnlen.o)
 .bss           0x00800e0d        0x0 c:/winavr-20100110/bin/../lib/gcc/avr/4.3.3/../../../../avr/lib/avr51\libc.a(fputc.o)
 .bss           0x00800e0d        0x0 c:/winavr-20100110/bin/../lib/gcc/avr/4.3.3/../../../../avr/lib/avr51\libc.a(ultoa_invert.o)
 *(.bss*)
 *(COMMON)
 COMMON         0x00800e0d        0x8 ./src/dhcp.o
                0x00800e0d                GET_GW_IP
                0x00800e11                GET_SN_MASK
 COMMON         0x00800e15       0x10 ./src/main.o
                0x00800e15                Cwelcomescreen::build()::str
 COMMON         0x00800e25       0x12 ./src/socket.o
                0x00800e25                check_sendok_flag
                0x00800e2d                first_send_flag
                0x00800e35                local_port
 COMMON         0x00800e37        0x2 ./src/timer.o
                0x00800e37                TIMER_IRQS
 COMMON         0x00800e39       0x48 ./src/w5300.o
                0x00800e39                SOCK_INT
                0x00800e41                RXMEM_SIZE
                0x00800e61                TXMEM_SIZE
 COMMON         0x00800e81        0x4 c:/winavr-20100110/bin/../lib/gcc/avr/4.3.3/../../../../avr/lib/avr51\libc.a(malloc.o)
                0x00800e81                __brkval
                0x00800e83                __flp
 COMMON         0x00800e85        0x6 c:/winavr-20100110/bin/../lib/gcc/avr/4.3.3/../../../../avr/lib/avr51\libc.a(iob.o)
                0x00800e85                __iob
                0x00800e8b                PROVIDE (__bss_end, .)
                0x0000c278                __data_load_start = LOADADDR (.data)
                0x0000ca4e                __data_load_end = (__data_load_start + SIZEOF (.data))

.noinit         0x00800e8b        0x0
                0x00800e8b                PROVIDE (__noinit_start, .)
 *(.noinit*)
                0x00800e8b                PROVIDE (__noinit_end, .)
                0x00800e8b                _end = .
                0x00800e8b                PROVIDE (__heap_start, .)

.eeprom         0x00810000        0x0
 *(.eeprom*)
                0x00810000                __eeprom_end = .

.fuse
 *(.fuse)
 *(.lfuse)
 *(.hfuse)
 *(.efuse)

.lock
 *(.lock*)

.signature
 *(.signature*)

.stab
 *(.stab)

.stabstr
 *(.stabstr)

.stab.excl
 *(.stab.excl)

.stab.exclstr
 *(.stab.exclstr)

.stab.index
 *(.stab.index)

.stab.indexstr
 *(.stab.indexstr)

.comment
 *(.comment)

.debug
 *(.debug)

.line
 *(.line)

.debug_srcinfo
 *(.debug_srcinfo)

.debug_sfnames
 *(.debug_sfnames)

.debug_aranges  0x00000000      0x1a0
 *(.debug_aranges)
 .debug_aranges
                0x00000000       0x20 c:/winavr-20100110/bin/../lib/gcc/avr/4.3.3/avr51\libgcc.a(_fixunssfsi.o)
 .debug_aranges
                0x00000020       0x20 c:/winavr-20100110/bin/../lib/gcc/avr/4.3.3/avr51\libgcc.a(_addsub_sf.o)
 .debug_aranges
                0x00000040       0x20 c:/winavr-20100110/bin/../lib/gcc/avr/4.3.3/avr51\libgcc.a(_mul_sf.o)
 .debug_aranges
                0x00000060       0x20 c:/winavr-20100110/bin/../lib/gcc/avr/4.3.3/avr51\libgcc.a(_div_sf.o)
 .debug_aranges
                0x00000080       0x20 c:/winavr-20100110/bin/../lib/gcc/avr/4.3.3/avr51\libgcc.a(_gt_sf.o)
 .debug_aranges
                0x000000a0       0x20 c:/winavr-20100110/bin/../lib/gcc/avr/4.3.3/avr51\libgcc.a(_ge_sf.o)
 .debug_aranges
                0x000000c0       0x20 c:/winavr-20100110/bin/../lib/gcc/avr/4.3.3/avr51\libgcc.a(_lt_sf.o)
 .debug_aranges
                0x000000e0       0x20 c:/winavr-20100110/bin/../lib/gcc/avr/4.3.3/avr51\libgcc.a(_sf_to_si.o)
 .debug_aranges
                0x00000100       0x20 c:/winavr-20100110/bin/../lib/gcc/avr/4.3.3/avr51\libgcc.a(_usi_to_sf.o)
 .debug_aranges
                0x00000120       0x20 c:/winavr-20100110/bin/../lib/gcc/avr/4.3.3/avr51\libgcc.a(_clzsi2.o)
 .debug_aranges
                0x00000140       0x20 c:/winavr-20100110/bin/../lib/gcc/avr/4.3.3/avr51\libgcc.a(_pack_sf.o)
 .debug_aranges
                0x00000160       0x20 c:/winavr-20100110/bin/../lib/gcc/avr/4.3.3/avr51\libgcc.a(_unpack_sf.o)
 .debug_aranges
                0x00000180       0x20 c:/winavr-20100110/bin/../lib/gcc/avr/4.3.3/avr51\libgcc.a(_fpcmp_parts_sf.o)

.debug_pubnames
                0x00000000      0x1f2
 *(.debug_pubnames)
 .debug_pubnames
                0x00000000       0x23 c:/winavr-20100110/bin/../lib/gcc/avr/4.3.3/avr51\libgcc.a(_fixunssfsi.o)
 .debug_pubnames
                0x00000023       0x2c c:/winavr-20100110/bin/../lib/gcc/avr/4.3.3/avr51\libgcc.a(_addsub_sf.o)
 .debug_pubnames
                0x0000004f       0x1f c:/winavr-20100110/bin/../lib/gcc/avr/4.3.3/avr51\libgcc.a(_mul_sf.o)
 .debug_pubnames
                0x0000006e       0x1f c:/winavr-20100110/bin/../lib/gcc/avr/4.3.3/avr51\libgcc.a(_div_sf.o)
 .debug_pubnames
                0x0000008d       0x1e c:/winavr-20100110/bin/../lib/gcc/avr/4.3.3/avr51\libgcc.a(_gt_sf.o)
 .debug_pubnames
                0x000000ab       0x1e c:/winavr-20100110/bin/../lib/gcc/avr/4.3.3/avr51\libgcc.a(_ge_sf.o)
 .debug_pubnames
                0x000000c9       0x1e c:/winavr-20100110/bin/../lib/gcc/avr/4.3.3/avr51\libgcc.a(_lt_sf.o)
 .debug_pubnames
                0x000000e7       0x20 c:/winavr-20100110/bin/../lib/gcc/avr/4.3.3/avr51\libgcc.a(_sf_to_si.o)
 .debug_pubnames
                0x00000107       0x22 c:/winavr-20100110/bin/../lib/gcc/avr/4.3.3/avr51\libgcc.a(_thenan_sf.o)
 .debug_pubnames
                0x00000129       0x24 c:/winavr-20100110/bin/../lib/gcc/avr/4.3.3/avr51\libgcc.a(_usi_to_sf.o)
 .debug_pubnames
                0x0000014d       0x1f c:/winavr-20100110/bin/../lib/gcc/avr/4.3.3/avr51\libgcc.a(_clzsi2.o)
 .debug_pubnames
                0x0000016c       0x1f c:/winavr-20100110/bin/../lib/gcc/avr/4.3.3/avr51\libgcc.a(_pack_sf.o)
 .debug_pubnames
                0x0000018b       0x21 c:/winavr-20100110/bin/../lib/gcc/avr/4.3.3/avr51\libgcc.a(_unpack_sf.o)
 .debug_pubnames
                0x000001ac       0x26 c:/winavr-20100110/bin/../lib/gcc/avr/4.3.3/avr51\libgcc.a(_fpcmp_parts_sf.o)
 .debug_pubnames
                0x000001d2       0x20 c:/winavr-20100110/bin/../lib/gcc/avr/4.3.3/avr51\libgcc.a(_clz.o)

.debug_info     0x00000000     0x240b
 *(.debug_info)
 .debug_info    0x00000000       0xb1 c:/winavr-20100110/bin/../lib/gcc/avr/4.3.3/avr51\libgcc.a(_fixunssfsi.o)
 .debug_info    0x000000b1      0x47a c:/winavr-20100110/bin/../lib/gcc/avr/4.3.3/avr51\libgcc.a(_addsub_sf.o)
 .debug_info    0x0000052b      0x485 c:/winavr-20100110/bin/../lib/gcc/avr/4.3.3/avr51\libgcc.a(_mul_sf.o)
 .debug_info    0x000009b0      0x3fc c:/winavr-20100110/bin/../lib/gcc/avr/4.3.3/avr51\libgcc.a(_div_sf.o)
 .debug_info    0x00000dac      0x27f c:/winavr-20100110/bin/../lib/gcc/avr/4.3.3/avr51\libgcc.a(_gt_sf.o)
 .debug_info    0x0000102b      0x27f c:/winavr-20100110/bin/../lib/gcc/avr/4.3.3/avr51\libgcc.a(_ge_sf.o)
 .debug_info    0x000012aa      0x27f c:/winavr-20100110/bin/../lib/gcc/avr/4.3.3/avr51\libgcc.a(_lt_sf.o)
 .debug_info    0x00001529      0x2b0 c:/winavr-20100110/bin/../lib/gcc/avr/4.3.3/avr51\libgcc.a(_sf_to_si.o)
 .debug_info    0x000017d9      0x12c c:/winavr-20100110/bin/../lib/gcc/avr/4.3.3/avr51\libgcc.a(_thenan_sf.o)
 .debug_info    0x00001905      0x206 c:/winavr-20100110/bin/../lib/gcc/avr/4.3.3/avr51\libgcc.a(_usi_to_sf.o)
 .debug_info    0x00001b0b      0x117 c:/winavr-20100110/bin/../lib/gcc/avr/4.3.3/avr51\libgcc.a(_clzsi2.o)
 .debug_info    0x00001c22      0x2df c:/winavr-20100110/bin/../lib/gcc/avr/4.3.3/avr51\libgcc.a(_pack_sf.o)
 .debug_info    0x00001f01      0x251 c:/winavr-20100110/bin/../lib/gcc/avr/4.3.3/avr51\libgcc.a(_unpack_sf.o)
 .debug_info    0x00002152      0x210 c:/winavr-20100110/bin/../lib/gcc/avr/4.3.3/avr51\libgcc.a(_fpcmp_parts_sf.o)
 .debug_info    0x00002362       0xa9 c:/winavr-20100110/bin/../lib/gcc/avr/4.3.3/avr51\libgcc.a(_clz.o)
 *(.gnu.linkonce.wi.*)

.debug_abbrev   0x00000000     0x1386
 *(.debug_abbrev)
 .debug_abbrev  0x00000000       0x5d c:/winavr-20100110/bin/../lib/gcc/avr/4.3.3/avr51\libgcc.a(_fixunssfsi.o)
 .debug_abbrev  0x0000005d      0x1ea c:/winavr-20100110/bin/../lib/gcc/avr/4.3.3/avr51\libgcc.a(_addsub_sf.o)
 .debug_abbrev  0x00000247      0x21b c:/winavr-20100110/bin/../lib/gcc/avr/4.3.3/avr51\libgcc.a(_mul_sf.o)
 .debug_abbrev  0x00000462      0x216 c:/winavr-20100110/bin/../lib/gcc/avr/4.3.3/avr51\libgcc.a(_div_sf.o)
 .debug_abbrev  0x00000678      0x15a c:/winavr-20100110/bin/../lib/gcc/avr/4.3.3/avr51\libgcc.a(_gt_sf.o)
 .debug_abbrev  0x000007d2      0x15a c:/winavr-20100110/bin/../lib/gcc/avr/4.3.3/avr51\libgcc.a(_ge_sf.o)
 .debug_abbrev  0x0000092c      0x15a c:/winavr-20100110/bin/../lib/gcc/avr/4.3.3/avr51\libgcc.a(_lt_sf.o)
 .debug_abbrev  0x00000a86      0x17f c:/winavr-20100110/bin/../lib/gcc/avr/4.3.3/avr51\libgcc.a(_sf_to_si.o)
 .debug_abbrev  0x00000c05       0xad c:/winavr-20100110/bin/../lib/gcc/avr/4.3.3/avr51\libgcc.a(_thenan_sf.o)
 .debug_abbrev  0x00000cb2      0x157 c:/winavr-20100110/bin/../lib/gcc/avr/4.3.3/avr51\libgcc.a(_usi_to_sf.o)
 .debug_abbrev  0x00000e09       0xc4 c:/winavr-20100110/bin/../lib/gcc/avr/4.3.3/avr51\libgcc.a(_clzsi2.o)
 .debug_abbrev  0x00000ecd      0x1c0 c:/winavr-20100110/bin/../lib/gcc/avr/4.3.3/avr51\libgcc.a(_pack_sf.o)
 .debug_abbrev  0x0000108d      0x154 c:/winavr-20100110/bin/../lib/gcc/avr/4.3.3/avr51\libgcc.a(_unpack_sf.o)
 .debug_abbrev  0x000011e1      0x13b c:/winavr-20100110/bin/../lib/gcc/avr/4.3.3/avr51\libgcc.a(_fpcmp_parts_sf.o)
 .debug_abbrev  0x0000131c       0x6a c:/winavr-20100110/bin/../lib/gcc/avr/4.3.3/avr51\libgcc.a(_clz.o)

.debug_line     0x00000000     0x11d6
 *(.debug_line)
 .debug_line    0x00000000       0xa7 c:/winavr-20100110/bin/../lib/gcc/avr/4.3.3/avr51\libgcc.a(_fixunssfsi.o)
 .debug_line    0x000000a7      0x2af c:/winavr-20100110/bin/../lib/gcc/avr/4.3.3/avr51\libgcc.a(_addsub_sf.o)
 .debug_line    0x00000356      0x239 c:/winavr-20100110/bin/../lib/gcc/avr/4.3.3/avr51\libgcc.a(_mul_sf.o)
 .debug_line    0x0000058f      0x1d5 c:/winavr-20100110/bin/../lib/gcc/avr/4.3.3/avr51\libgcc.a(_div_sf.o)
 .debug_line    0x00000764       0xd3 c:/winavr-20100110/bin/../lib/gcc/avr/4.3.3/avr51\libgcc.a(_gt_sf.o)
 .debug_line    0x00000837       0xd3 c:/winavr-20100110/bin/../lib/gcc/avr/4.3.3/avr51\libgcc.a(_ge_sf.o)
 .debug_line    0x0000090a       0xd3 c:/winavr-20100110/bin/../lib/gcc/avr/4.3.3/avr51\libgcc.a(_lt_sf.o)
 .debug_line    0x000009dd      0x109 c:/winavr-20100110/bin/../lib/gcc/avr/4.3.3/avr51\libgcc.a(_sf_to_si.o)
 .debug_line    0x00000ae6       0x90 c:/winavr-20100110/bin/../lib/gcc/avr/4.3.3/avr51\libgcc.a(_thenan_sf.o)
 .debug_line    0x00000b76      0x133 c:/winavr-20100110/bin/../lib/gcc/avr/4.3.3/avr51\libgcc.a(_usi_to_sf.o)
 .debug_line    0x00000ca9       0xa5 c:/winavr-20100110/bin/../lib/gcc/avr/4.3.3/avr51\libgcc.a(_clzsi2.o)
 .debug_line    0x00000d4e      0x18a c:/winavr-20100110/bin/../lib/gcc/avr/4.3.3/avr51\libgcc.a(_pack_sf.o)
 .debug_line    0x00000ed8      0x14b c:/winavr-20100110/bin/../lib/gcc/avr/4.3.3/avr51\libgcc.a(_unpack_sf.o)
 .debug_line    0x00001023      0x137 c:/winavr-20100110/bin/../lib/gcc/avr/4.3.3/avr51\libgcc.a(_fpcmp_parts_sf.o)
 .debug_line    0x0000115a       0x7c c:/winavr-20100110/bin/../lib/gcc/avr/4.3.3/avr51\libgcc.a(_clz.o)

.debug_frame    0x00000000      0x1c0
 *(.debug_frame)
 .debug_frame   0x00000000       0x20 c:/winavr-20100110/bin/../lib/gcc/avr/4.3.3/avr51\libgcc.a(_fixunssfsi.o)
 .debug_frame   0x00000020       0x40 c:/winavr-20100110/bin/../lib/gcc/avr/4.3.3/avr51\libgcc.a(_addsub_sf.o)
 .debug_frame   0x00000060       0x20 c:/winavr-20100110/bin/../lib/gcc/avr/4.3.3/avr51\libgcc.a(_mul_sf.o)
 .debug_frame   0x00000080       0x20 c:/winavr-20100110/bin/../lib/gcc/avr/4.3.3/avr51\libgcc.a(_div_sf.o)
 .debug_frame   0x000000a0       0x20 c:/winavr-20100110/bin/../lib/gcc/avr/4.3.3/avr51\libgcc.a(_gt_sf.o)
 .debug_frame   0x000000c0       0x20 c:/winavr-20100110/bin/../lib/gcc/avr/4.3.3/avr51\libgcc.a(_ge_sf.o)
 .debug_frame   0x000000e0       0x20 c:/winavr-20100110/bin/../lib/gcc/avr/4.3.3/avr51\libgcc.a(_lt_sf.o)
 .debug_frame   0x00000100       0x20 c:/winavr-20100110/bin/../lib/gcc/avr/4.3.3/avr51\libgcc.a(_sf_to_si.o)
 .debug_frame   0x00000120       0x20 c:/winavr-20100110/bin/../lib/gcc/avr/4.3.3/avr51\libgcc.a(_usi_to_sf.o)
 .debug_frame   0x00000140       0x20 c:/winavr-20100110/bin/../lib/gcc/avr/4.3.3/avr51\libgcc.a(_clzsi2.o)
 .debug_frame   0x00000160       0x20 c:/winavr-20100110/bin/../lib/gcc/avr/4.3.3/avr51\libgcc.a(_pack_sf.o)
 .debug_frame   0x00000180       0x20 c:/winavr-20100110/bin/../lib/gcc/avr/4.3.3/avr51\libgcc.a(_unpack_sf.o)
 .debug_frame   0x000001a0       0x20 c:/winavr-20100110/bin/../lib/gcc/avr/4.3.3/avr51\libgcc.a(_fpcmp_parts_sf.o)

.debug_str      0x00000000      0x2f7
 *(.debug_str)
 .debug_str     0x00000000       0xc0 c:/winavr-20100110/bin/../lib/gcc/avr/4.3.3/avr51\libgcc.a(_fixunssfsi.o)
                                 0xff (size before relaxing)
 .debug_str     0x000000c0      0x14d c:/winavr-20100110/bin/../lib/gcc/avr/4.3.3/avr51\libgcc.a(_addsub_sf.o)
                                0x207 (size before relaxing)
 .debug_str     0x0000020d       0x27 c:/winavr-20100110/bin/../lib/gcc/avr/4.3.3/avr51\libgcc.a(_mul_sf.o)
                                0x1c0 (size before relaxing)
 .debug_str     0x00000234       0x35 c:/winavr-20100110/bin/../lib/gcc/avr/4.3.3/avr51\libgcc.a(_div_sf.o)
                                0x1c9 (size before relaxing)
 .debug_str     0x00000269        0x8 c:/winavr-20100110/bin/../lib/gcc/avr/4.3.3/avr51\libgcc.a(_gt_sf.o)
                                0x196 (size before relaxing)
 .debug_str     0x00000271        0x8 c:/winavr-20100110/bin/../lib/gcc/avr/4.3.3/avr51\libgcc.a(_ge_sf.o)
                                0x196 (size before relaxing)
 .debug_str     0x00000279        0x8 c:/winavr-20100110/bin/../lib/gcc/avr/4.3.3/avr51\libgcc.a(_lt_sf.o)
                                0x196 (size before relaxing)
 .debug_str     0x00000281        0xa c:/winavr-20100110/bin/../lib/gcc/avr/4.3.3/avr51\libgcc.a(_sf_to_si.o)
                                0x19f (size before relaxing)
 .debug_str     0x00000000      0x104 c:/winavr-20100110/bin/../lib/gcc/avr/4.3.3/avr51\libgcc.a(_thenan_sf.o)
 .debug_str     0x0000028b       0x21 c:/winavr-20100110/bin/../lib/gcc/avr/4.3.3/avr51\libgcc.a(_usi_to_sf.o)
                                0x178 (size before relaxing)
 .debug_str     0x000002ac       0x20 c:/winavr-20100110/bin/../lib/gcc/avr/4.3.3/avr51\libgcc.a(_clzsi2.o)
                                0x112 (size before relaxing)
 .debug_str     0x000002cc       0x10 c:/winavr-20100110/bin/../lib/gcc/avr/4.3.3/avr51\libgcc.a(_pack_sf.o)
                                0x19e (size before relaxing)
 .debug_str     0x000002dc        0xb c:/winavr-20100110/bin/../lib/gcc/avr/4.3.3/avr51\libgcc.a(_unpack_sf.o)
                                0x180 (size before relaxing)
 .debug_str     0x000002e7       0x10 c:/winavr-20100110/bin/../lib/gcc/avr/4.3.3/avr51\libgcc.a(_fpcmp_parts_sf.o)
                                0x164 (size before relaxing)
 .debug_str     0x00000000       0xf5 c:/winavr-20100110/bin/../lib/gcc/avr/4.3.3/avr51\libgcc.a(_clz.o)

.debug_loc      0x00000000      0x96e
 *(.debug_loc)
 .debug_loc     0x00000000       0x34 c:/winavr-20100110/bin/../lib/gcc/avr/4.3.3/avr51\libgcc.a(_fixunssfsi.o)
 .debug_loc     0x00000034      0x32a c:/winavr-20100110/bin/../lib/gcc/avr/4.3.3/avr51\libgcc.a(_addsub_sf.o)
 .debug_loc     0x0000035e      0x104 c:/winavr-20100110/bin/../lib/gcc/avr/4.3.3/avr51\libgcc.a(_mul_sf.o)
 .debug_loc     0x00000462       0xc0 c:/winavr-20100110/bin/../lib/gcc/avr/4.3.3/avr51\libgcc.a(_div_sf.o)
 .debug_loc     0x00000522       0x3c c:/winavr-20100110/bin/../lib/gcc/avr/4.3.3/avr51\libgcc.a(_gt_sf.o)
 .debug_loc     0x0000055e       0x3c c:/winavr-20100110/bin/../lib/gcc/avr/4.3.3/avr51\libgcc.a(_ge_sf.o)
 .debug_loc     0x0000059a       0x3c c:/winavr-20100110/bin/../lib/gcc/avr/4.3.3/avr51\libgcc.a(_lt_sf.o)
 .debug_loc     0x000005d6       0x7e c:/winavr-20100110/bin/../lib/gcc/avr/4.3.3/avr51\libgcc.a(_sf_to_si.o)
 .debug_loc     0x00000654       0x4c c:/winavr-20100110/bin/../lib/gcc/avr/4.3.3/avr51\libgcc.a(_usi_to_sf.o)
 .debug_loc     0x000006a0       0x94 c:/winavr-20100110/bin/../lib/gcc/avr/4.3.3/avr51\libgcc.a(_clzsi2.o)
 .debug_loc     0x00000734      0x13e c:/winavr-20100110/bin/../lib/gcc/avr/4.3.3/avr51\libgcc.a(_pack_sf.o)
 .debug_loc     0x00000872       0xac c:/winavr-20100110/bin/../lib/gcc/avr/4.3.3/avr51\libgcc.a(_unpack_sf.o)
 .debug_loc     0x0000091e       0x50 c:/winavr-20100110/bin/../lib/gcc/avr/4.3.3/avr51\libgcc.a(_fpcmp_parts_sf.o)

.debug_macinfo
 *(.debug_macinfo)
OUTPUT(XReader.elf elf32-avr)
LOAD linker stubs

.debug_ranges   0x00000000       0x50
 .debug_ranges  0x00000000       0x50 c:/winavr-20100110/bin/../lib/gcc/avr/4.3.3/avr51\libgcc.a(_mul_sf.o)

Cross Reference Table

Symbol                                            File
ATOI                                              ./src/wiz_util.o
C2D                                               ./src/wiz_util.o
                                                  ./src/httpd.o
CC1101::ReceivePacket()                           ./cmn/src/cc1101.o
CC1101::SendPacket()                              ./cmn/src/cc1101.o
CC1101::cmdStrobe(unsigned char)                  ./cmn/src/cc1101.o
CC1101::init()                                    ./cmn/src/cc1101.o
                                                  ./src/main.o
CC1101::powerdown()                               ./cmn/src/cc1101.o
CC1101::readBurstReg(unsigned char*, unsigned char, unsigned char) ./cmn/src/cc1101.o
CC1101::readReg(unsigned char, unsigned char)     ./cmn/src/cc1101.o
CC1101::reset()                                   ./cmn/src/cc1101.o
CC1101::sendData(unsigned char*, unsigned char)   ./cmn/src/cc1101.o
CC1101::setChannel(unsigned char)                 ./cmn/src/cc1101.o
                                                  ./src/main.o
CC1101::setDevAddress(unsigned char)              ./cmn/src/cc1101.o
                                                  ./src/main.o
CC1101::setSyncWord(unsigned char*)               ./cmn/src/cc1101.o
CC1101::setupRegs()                               ./cmn/src/cc1101.o
CC1101::wakeUp()                                  ./cmn/src/cc1101.o
CC1101::writeBurstReg(unsigned char, unsigned char*, unsigned char) ./cmn/src/cc1101.o
CC1101::writeReg(unsigned char, unsigned char)    ./cmn/src/cc1101.o
                                                  ./src/main.o
CCounter::CCounter(unsigned char, unsigned char)  ./src/counter.o
                                                  ./src/Ctimer.o
CCounter::CCounter(unsigned char, unsigned char)  ./src/counter.o
CCounter::start()                                 ./src/counter.o
                                                  ./src/Ctimer.o
CCounter::stop()                                  ./src/counter.o
                                                  ./src/Ctimer.o
CDisplay::CDisplay(Clcd*)                         ./src/CDisplay.o
CDisplay::CDisplay(Clcd*)                         ./src/CDisplay.o
                                                  ./src/main.o
CDisplay::available()                             ./src/CDisplay.o
CDisplay::clear()                                 ./src/CDisplay.o
CDisplay::performSet()                            ./src/CDisplay.o
CDisplay::setLine(unsigned char, char const*)     ./src/CDisplay.o
CDisplay::setString(unsigned char, unsigned char, unsigned char, char const*) ./src/CDisplay.o
                                                  ./src/Cscreen.o
CFIFO::CFIFO()                                    ./src/CFIFO.o
CFIFO::CFIFO()                                    ./src/CFIFO.o
CFIFO::add(unsigned char*, unsigned short)        ./src/CFIFO.o
CFIFO::clear()                                    ./src/CFIFO.o
CFIFO::empty()                                    ./src/CFIFO.o
CFIFO::remove(unsigned char*)                     ./src/CFIFO.o
CFIFO::remove(unsigned char*, unsigned short)     ./src/CFIFO.o
CFIFO::setBufSize(unsigned short)                 ./src/CFIFO.o
CFIFO::space()                                    ./src/CFIFO.o
CFIFO::used()                                     ./src/CFIFO.o
Cat45db041::Cat45db041()                          ./cmn/src/at45db041.o
Cat45db041::Cat45db041()                          ./cmn/src/at45db041.o
                                                  ./src/main.o
Cat45db041::read(unsigned char*, unsigned short)  ./cmn/src/at45db041.o
                                                  ./cmn/src/storage.o
Cat45db041::status()                              ./cmn/src/at45db041.o
Cat45db041::write(unsigned short, unsigned char*) ./cmn/src/at45db041.o
                                                  ./cmn/src/storage.o
CheckDestInLocal                                  ./src/wiz_util.o
Clcd::Clcd()                                      ./src/Clcd.o
                                                  ./src/main.o
Clcd::Clcd()                                      ./src/Clcd.o
Clcd::clear()                                     ./src/Clcd.o
                                                  ./src/CDisplay.o
Clcd::command(unsigned char)                      ./src/Clcd.o
Clcd::data(unsigned char)                         ./src/Clcd.o
Clcd::delay(unsigned long)                        ./src/Clcd.o
Clcd::gotoXY(unsigned char, unsigned char)        ./src/Clcd.o
                                                  ./src/CDisplay.o
Clcd::init()                                      ./src/Clcd.o
                                                  ./src/main.o
Clcd::printf(unsigned char, unsigned char, unsigned char, char const*, ...) ./src/Clcd.o
Clcd::putch(unsigned char)                        ./src/Clcd.o
Clcd::puts(unsigned char*, unsigned char)         ./src/Clcd.o
                                                  ./src/CDisplay.o
Clcd::ready()                                     ./src/Clcd.o
Cnetwork::CNetwork::CNetwork(Cserial*, unsigned char) ./src/network.o
                                                  ./src/main.o
Cnetwork::CNetwork::CNetwork(Cserial*, unsigned char) ./src/network.o
Cnetwork::CNetwork::CNetwork(Cserial*, unsigned char, unsigned char) ./src/network.o
Cnetwork::CNetwork::CNetwork(Cserial*, unsigned char, unsigned char) ./src/network.o
Cnetwork::CNetwork::nodeidGet()                   ./src/network.o
Cnetwork::CNetwork::nodeidSet(unsigned char)      ./src/network.o
Cnetwork::CNetwork::packetAvailable()             ./src/network.o
                                                  ./src/Cserver.o
Cnetwork::CNetwork::reset()                       ./src/network.o
                                                  ./src/Cserver.o
Cnetwork::CNetwork::service()                     ./src/network.o
                                                  ./src/Cserver.o
Cnetwork::CNetwork::setPayloadBufSize(unsigned char) ./src/network.o
Cnetwork::CNetwork::tx(unsigned char, unsigned char, unsigned char*, unsigned char) ./src/network.o
                                                  ./src/Cserver.o
Cpin::Cpin(_ePORT, unsigned char, ePinDir, bool)  ./src/pin.o
Cpin::Cpin(_ePORT, unsigned char, ePinDir, bool)  ./src/pin.o
Cpin::attach(void (*)(void*), void*)              ./src/pin.o
Cpin::isHigh()                                    ./src/pin.o
Cpin::isLow()                                     ./src/pin.o
Cpin::setHigh()                                   ./src/pin.o
Cpin::setLow()                                    ./src/pin.o
Cpin::toggle()                                    ./src/pin.o
Crtc::Crtc(I2C::CI2C*, unsigned char)             ./src/MCP7940x.o
Crtc::Crtc(I2C::CI2C*, unsigned char)             ./src/MCP7940x.o
                                                  ./src/main.o
Crtc::getDate(_sRtcTime*)                         ./src/MCP7940x.o
                                                  ./src/tagtable.o
                                                  ./src/main.o
Crtc::getDate(unsigned short*, unsigned char*, unsigned char*, unsigned char*, unsigned char*) ./src/MCP7940x.o
Crtc::getDate(unsigned short*, unsigned char*, unsigned char*, unsigned char*, unsigned char*, unsigned char*) ./src/MCP7940x.o
Crtc::getMinutesFromEpoch(unsigned long*)         ./src/MCP7940x.o
Crtc::getSeconds(unsigned long*)                  ./src/MCP7940x.o
Crtc::setDate(_sRtcTime*)                         ./src/MCP7940x.o
                                                  ./src/main.o
Crtc::setDate(unsigned short, unsigned char, unsigned char, unsigned char, unsigned char) ./src/MCP7940x.o
Crtc::start()                                     ./src/MCP7940x.o
                                                  ./src/main.o
Cscheduler::Cscheduler()                          ./src/scheduler.o
Cscheduler::Cscheduler()                          ./src/scheduler.o
Cscheduler::attach(Csignal*)                      ./src/scheduler.o
                                                  ./src/main.o
                                                  ./src/Csocket.o
Cscheduler::service()                             ./src/scheduler.o
Cscheduler::start()                               ./src/scheduler.o
                                                  ./src/main.o
Cscreen::build()                                  ./src/Cscreen.o
                                                  ./src/main.o
Cscreen::date                                     ./src/Cscreen.o
                                                  ./src/main.o
Cscreen::display()                                ./src/Cscreen.o
                                                  ./src/main.o
Cscreen::display(char const*, char const*, unsigned short) ./src/main.o
Cscreen::displayInterface                         ./src/Cscreen.o
                                                  ./src/main.o
Cscreen::displayTimer                             ./src/Cscreen.o
                                                  ./src/main.o
Cscreen::idx                                      ./src/Cscreen.o
                                                  ./src/main.o
Cscreen::ip2str(unsigned char*, XREADER::sIP*)    ./src/Cscreen.o
                                                  ./src/main.o
Cscreen::mac2str(unsigned char*, XREADER::sMacADR*) ./src/Cscreen.o
Cscreen::screen                                   ./src/Cscreen.o
                                                  ./src/main.o
Cscreen::signal                                   ./src/Cscreen.o
                                                  ./src/main.o
Cscreen::size                                     ./src/Cscreen.o
Cscreen::store                                    ./src/Cscreen.o